[2026-08-06 11:47:22,128: INFO/MainProcess] Connected to redis://localhost:6379/0
[2026-08-06 11:47:22,134: INFO/MainProcess] mingle: searching for neighbors
[2026-08-06 11:47:23,168: INFO/MainProcess] mingle: all alone
[2026-08-06 11:47:23,202: INFO/MainProcess] celery@DESKTOP-F86RMFU ready.
[2026-08-06 11:49:35,305: WARNING/MainProcess] consumer: Connection to broker lost. Trying to re-establish the connection...
Traceback (most recent call last):
  File "D:\Qoder\测试开发平台\.venv\Lib\site-packages\redis\connection.py", line 650, in read_response
    response = self._parser.read_response(disable_decoding=disable_decoding)
               ^^^^^^^^^^^^^^^^^^^^^^^^^^^^^^^^^^^^^^^^^^^^^^^^^^^^^^^^^^^^^
  File "D:\Qoder\测试开发平台\.venv\Lib\site-packages\redis\_parsers\resp2.py", line 15, in read_response
    result = self._read_response(disable_decoding=disable_decoding)
             ^^^^^^^^^^^^^^^^^^^^^^^^^^^^^^^^^^^^^^^^^^^^^^^^^^^^^^
  File "D:\Qoder\测试开发平台\.venv\Lib\site-packages\redis\_parsers\resp2.py", line 25, in _read_response
    raw = self._buffer.readline()
          ^^^^^^^^^^^^^^^^^^^^^^^
  File "D:\Qoder\测试开发平台\.venv\Lib\site-packages\redis\_parsers\socket.py", line 115, in readline
    self._read_from_socket()
  File "D:\Qoder\测试开发平台\.venv\Lib\site-packages\redis\_parsers\socket.py", line 65, in _read_from_socket
    data = self._sock.recv(socket_read_size)
           ^^^^^^^^^^^^^^^^^^^^^^^^^^^^^^^^^
ConnectionResetError: [WinError 10054] 远程主机强迫关闭了一个现有的连接。

During handling of the above exception, another exception occurred:

Traceback (most recent call last):
  File "D:\Qoder\测试开发平台\.venv\Lib\site-packages\celery\worker\consumer\consumer.py", line 346, in start
    blueprint.start(self)
  File "D:\Qoder\测试开发平台\.venv\Lib\site-packages\celery\bootsteps.py", line 116, in start
    step.start(parent)
  File "D:\Qoder\测试开发平台\.venv\Lib\site-packages\celery\worker\consumer\consumer.py", line 788, in start
    c.loop(*c.loop_args())
  File "D:\Qoder\测试开发平台\.venv\Lib\site-packages\celery\worker\loops.py", line 136, in synloop
    _loop_cycle()
  File "D:\Qoder\测试开发平台\.venv\Lib\site-packages\celery\worker\loops.py", line 125, in _loop_cycle
    connection.drain_events(timeout=2.0)
  File "D:\Qoder\测试开发平台\.venv\Lib\site-packages\kombu\connection.py", line 343, in drain_events
    return self.transport.drain_events(self.connection, **kwargs)
           ^^^^^^^^^^^^^^^^^^^^^^^^^^^^^^^^^^^^^^^^^^^^^^^^^^^^^^
  File "D:\Qoder\测试开发平台\.venv\Lib\site-packages\kombu\transport\virtual\base.py", line 997, in drain_events
    get(self._deliver, timeout=timeout)
  File "D:\Qoder\测试开发平台\.venv\Lib\site-packages\kombu\transport\redis.py", line 601, in get
    ret = self.handle_event(fileno, event)
          ^^^^^^^^^^^^^^^^^^^^^^^^^^^^^^^^
  File "D:\Qoder\测试开发平台\.venv\Lib\site-packages\kombu\transport\redis.py", line 583, in handle_event
    return self.on_readable(fileno), self
           ^^^^^^^^^^^^^^^^^^^^^^^^
  File "D:\Qoder\测试开发平台\.venv\Lib\site-packages\kombu\transport\redis.py", line 579, in on_readable
    chan.handlers[type]()
  File "D:\Qoder\测试开发平台\.venv\Lib\site-packages\kombu\transport\redis.py", line 931, in _receive
    ret.append(self._receive_one(c))
               ^^^^^^^^^^^^^^^^^^^^
  File "D:\Qoder\测试开发平台\.venv\Lib\site-packages\kombu\transport\redis.py", line 941, in _receive_one
    response = c.parse_response()
               ^^^^^^^^^^^^^^^^^^
  File "D:\Qoder\测试开发平台\.venv\Lib\site-packages\redis\client.py", line 938, in parse_response
    response = self._execute(conn, try_read)
               ^^^^^^^^^^^^^^^^^^^^^^^^^^^^^
  File "D:\Qoder\测试开发平台\.venv\Lib\site-packages\redis\client.py", line 914, in _execute
    return conn.retry.call_with_retry(
           ^^^^^^^^^^^^^^^^^^^^^^^^^^^
  File "D:\Qoder\测试开发平台\.venv\Lib\site-packages\redis\retry.py", line 110, in call_with_retry
    raise error
  File "D:\Qoder\测试开发平台\.venv\Lib\site-packages\redis\retry.py", line 105, in call_with_retry
    return do()
           ^^^^
  File "D:\Qoder\测试开发平台\.venv\Lib\site-packages\redis\client.py", line 915, in <lambda>
    lambda: command(*args, **kwargs),
            ^^^^^^^^^^^^^^^^^^^^^^^^
  File "D:\Qoder\测试开发平台\.venv\Lib\site-packages\redis\client.py", line 936, in try_read
    return conn.read_response(disconnect_on_error=False, push_request=True)
           ^^^^^^^^^^^^^^^^^^^^^^^^^^^^^^^^^^^^^^^^^^^^^^^^^^^^^^^^^^^^^^^^
  File "D:\Qoder\测试开发平台\.venv\Lib\site-packages\redis\connection.py", line 658, in read_response
    raise ConnectionError(f"Error while reading from {host_error} : {e.args}")
redis.exceptions.ConnectionError: Error while reading from localhost:6379 : (10054, '远程主机强迫关闭了一个现有的连接。', None, 10054, None)
[2026-08-06 11:49:35,747: WARNING/MainProcess] D:\Qoder\测试开发平台\.venv\Lib\site-packages\celery\worker\consumer\consumer.py:397: CPendingDeprecationWarning: 
In Celery 5.1 we introduced an optional breaking change which
on connection loss cancels all currently executed tasks with late acknowledgement enabled.
These tasks cannot be acknowledged as the connection is gone, and the tasks are automatically redelivered
back to the queue. You can enable this behavior using the worker_cancel_long_running_tasks_on_connection_loss
setting. In Celery 5.1 it is set to False by default. The setting will be set to True by default in Celery 6.0.

  warnings.warn(CANCEL_TASKS_BY_DEFAULT, CPendingDeprecationWarning)

[2026-08-06 11:49:35,767: INFO/MainProcess] Connected to redis://localhost:6379/0
[2026-08-06 11:49:35,780: INFO/MainProcess] mingle: searching for neighbors
[2026-08-06 11:49:36,826: INFO/MainProcess] mingle: all alone
