Successfully connected to MySQL database: ai_test_platform
Redis connected: 127.0.0.1:6379
 
 -------------- celery@DESKTOP-F86RMFU v5.6.2 (recovery)
--- ***** ----- 
-- ******* ---- Windows-10-10.0.26100-SP0 2026-03-16 15:18:38
- *** --- * --- 
- ** ---------- [config]
- ** ---------- .> app:         ai_test_platform:0x194455933d0
- ** ---------- .> transport:   redis://localhost:6379/0
- ** ---------- .> results:     redis://localhost:6379/0
- *** --- * --- .> concurrency: 16 (solo)
-- ******* ---- .> task events: OFF (enable -E to monitor tasks in this worker)
--- ***** ----- 
 -------------- [queues]
                .> celery           exchange=celery(direct) key=celery
                

[tasks]
  . modules.tasks.archive_old_data_task
  . modules.tasks.cleanup_logs_task
  . modules.tasks.generate_test_cases_task
  . modules.tasks.parse_knowledge_document_task

[2026-03-16 15:18:38,661: INFO/MainProcess] Connected to redis://localhost:6379/0
[2026-03-16 15:18:38,663: INFO/MainProcess] mingle: searching for neighbors
[2026-03-16 15:18:39,710: INFO/MainProcess] mingle: all alone
[2026-03-16 15:18:39,738: INFO/MainProcess] celery@DESKTOP-F86RMFU ready.
[2026-03-16 15:18:40,898: INFO/MainProcess] Task modules.tasks.parse_knowledge_document_task[d2c4d01f-4b06-49ee-bc22-0f8467db1e67] received
[2026-03-16 15:18:40,898: INFO/MainProcess] 离线解析任务启动 doc_id=157 task_id=d2c4d01f-4b06-49ee-bc22-0f8467db1e67 retry=0 file=D:\Qoder\测试开发平台\backend\runtime\knowledge_uploads\20260316071840_7fe864858ac24c619d30d1e2433e5acc.txt
[2026-03-16 15:18:40,935: INFO/MainProcess] 离线解析开始 doc_id=157 task_id=d2c4d01f-4b06-49ee-bc22-0f8467db1e67 retry=0
[2026-03-16 15:18:41,291: INFO/MainProcess] 离线解析成功 doc_id=157 task_id=d2c4d01f-4b06-49ee-bc22-0f8467db1e67
[2026-03-16 15:18:41,291: INFO/MainProcess] 离线解析任务完成 doc_id=157 task_id=d2c4d01f-4b06-49ee-bc22-0f8467db1e67 result={'status': 'success', 'document_id': 157}
[2026-03-16 15:18:41,293: INFO/MainProcess] Task modules.tasks.parse_knowledge_document_task[d2c4d01f-4b06-49ee-bc22-0f8467db1e67] succeeded in 0.39000000001396984s: {'status': 'success', 'document_id': 157}
[2026-03-16 15:18:43,638: INFO/MainProcess] Task modules.tasks.parse_knowledge_document_task[08143423-b537-4f10-89f4-bfa04fafcbae] received
[2026-03-16 15:18:43,638: INFO/MainProcess] 离线解析任务启动 doc_id=158 task_id=08143423-b537-4f10-89f4-bfa04fafcbae retry=0 file=D:\Qoder\测试开发平台\backend\runtime\knowledge_uploads\20260316071843_a43201a70f6243fa9fed3c7b8aba071a.md
[2026-03-16 15:18:43,643: INFO/MainProcess] 离线解析开始 doc_id=158 task_id=08143423-b537-4f10-89f4-bfa04fafcbae retry=0
[2026-03-16 15:18:44,003: INFO/MainProcess] 离线解析成功 doc_id=158 task_id=08143423-b537-4f10-89f4-bfa04fafcbae
[2026-03-16 15:18:44,003: INFO/MainProcess] 离线解析任务完成 doc_id=158 task_id=08143423-b537-4f10-89f4-bfa04fafcbae result={'status': 'success', 'document_id': 158}
[2026-03-16 15:18:44,004: INFO/MainProcess] Task modules.tasks.parse_knowledge_document_task[08143423-b537-4f10-89f4-bfa04fafcbae] succeeded in 0.375s: {'status': 'success', 'document_id': 158}
[2026-03-16 15:18:45,239: INFO/MainProcess] Task modules.tasks.parse_knowledge_document_task[7b52e24a-7f2b-42d3-807c-e18c6af9e21f] received
[2026-03-16 15:18:45,239: INFO/MainProcess] 离线解析任务启动 doc_id=159 task_id=7b52e24a-7f2b-42d3-807c-e18c6af9e21f retry=0 file=D:\Qoder\测试开发平台\backend\runtime\knowledge_uploads\20260316071845_ae2921c153de4f4a969fd2321a3e773a.txt
[2026-03-16 15:18:45,244: INFO/MainProcess] 离线解析开始 doc_id=159 task_id=7b52e24a-7f2b-42d3-807c-e18c6af9e21f retry=0
[2026-03-16 15:18:45,244: ERROR/MainProcess] 离线解析任务异常 doc_id=159 task_id=7b52e24a-7f2b-42d3-807c-e18c6af9e21f retry=0/2 err=未解析到可用文本内容，请检查文件是否为空。
Traceback (most recent call last):
  File "D:\Qoder\测试开发平台\backend\modules\tasks.py", line 101, in parse_knowledge_document_task
    result = knowledge_base.parse_document_offline(
             ^^^^^^^^^^^^^^^^^^^^^^^^^^^^^^^^^^^^^^
  File "D:\Qoder\测试开发平台\backend\modules\knowledge_base.py", line 193, in parse_document_offline
    return parse_document_offline_impl(
           ^^^^^^^^^^^^^^^^^^^^^^^^^^^^
  File "D:\Qoder\测试开发平台\backend\modules\knowledge_base_components\offline_parse.py", line 189, in parse_document_offline_impl
    validate_parsed_content(content)
  File "D:\Qoder\测试开发平台\backend\modules\knowledge_base_components\offline_parse_support.py", line 70, in validate_parsed_content
    raise ValueError("未解析到可用文本内容，请检查文件是否为空。")
ValueError: 未解析到可用文本内容，请检查文件是否为空。
[2026-03-16 15:18:45,257: INFO/MainProcess] Task modules.tasks.parse_knowledge_document_task[7b52e24a-7f2b-42d3-807c-e18c6af9e21f] retry: Retry in 8s: ValueError('未解析到可用文本内容，请检查文件是否为空。')
[2026-03-16 15:18:45,259: INFO/MainProcess] Task modules.tasks.parse_knowledge_document_task[7b52e24a-7f2b-42d3-807c-e18c6af9e21f] received
[2026-03-16 15:18:53,255: INFO/MainProcess] 离线解析任务启动 doc_id=159 task_id=7b52e24a-7f2b-42d3-807c-e18c6af9e21f retry=1 file=D:\Qoder\测试开发平台\backend\runtime\knowledge_uploads\20260316071845_ae2921c153de4f4a969fd2321a3e773a.txt
[2026-03-16 15:18:53,283: INFO/MainProcess] 离线解析开始 doc_id=159 task_id=7b52e24a-7f2b-42d3-807c-e18c6af9e21f retry=1
[2026-03-16 15:18:53,283: ERROR/MainProcess] 离线解析任务异常 doc_id=159 task_id=7b52e24a-7f2b-42d3-807c-e18c6af9e21f retry=1/2 err=未解析到可用文本内容，请检查文件是否为空。
Traceback (most recent call last):
  File "D:\Qoder\测试开发平台\backend\modules\tasks.py", line 101, in parse_knowledge_document_task
    result = knowledge_base.parse_document_offline(
             ^^^^^^^^^^^^^^^^^^^^^^^^^^^^^^^^^^^^^^
  File "D:\Qoder\测试开发平台\backend\modules\knowledge_base.py", line 193, in parse_document_offline
    return parse_document_offline_impl(
           ^^^^^^^^^^^^^^^^^^^^^^^^^^^^
  File "D:\Qoder\测试开发平台\backend\modules\knowledge_base_components\offline_parse.py", line 189, in parse_document_offline_impl
    validate_parsed_content(content)
  File "D:\Qoder\测试开发平台\backend\modules\knowledge_base_components\offline_parse_support.py", line 70, in validate_parsed_content
    raise ValueError("未解析到可用文本内容，请检查文件是否为空。")
ValueError: 未解析到可用文本内容，请检查文件是否为空。
[2026-03-16 15:18:53,294: INFO/MainProcess] Task modules.tasks.parse_knowledge_document_task[7b52e24a-7f2b-42d3-807c-e18c6af9e21f] received
[2026-03-16 15:18:53,295: INFO/MainProcess] Task modules.tasks.parse_knowledge_document_task[7b52e24a-7f2b-42d3-807c-e18c6af9e21f] retry: Retry in 8s: ValueError('未解析到可用文本内容，请检查文件是否为空。')
[2026-03-16 15:19:01,285: INFO/MainProcess] 离线解析任务启动 doc_id=159 task_id=7b52e24a-7f2b-42d3-807c-e18c6af9e21f retry=2 file=D:\Qoder\测试开发平台\backend\runtime\knowledge_uploads\20260316071845_ae2921c153de4f4a969fd2321a3e773a.txt
[2026-03-16 15:19:01,299: INFO/MainProcess] 离线解析开始 doc_id=159 task_id=7b52e24a-7f2b-42d3-807c-e18c6af9e21f retry=2
[2026-03-16 15:19:01,299: ERROR/MainProcess] 离线解析任务异常 doc_id=159 task_id=7b52e24a-7f2b-42d3-807c-e18c6af9e21f retry=2/2 err=未解析到可用文本内容，请检查文件是否为空。
Traceback (most recent call last):
  File "D:\Qoder\测试开发平台\backend\modules\tasks.py", line 101, in parse_knowledge_document_task
    result = knowledge_base.parse_document_offline(
             ^^^^^^^^^^^^^^^^^^^^^^^^^^^^^^^^^^^^^^
  File "D:\Qoder\测试开发平台\backend\modules\knowledge_base.py", line 193, in parse_document_offline
    return parse_document_offline_impl(
           ^^^^^^^^^^^^^^^^^^^^^^^^^^^^
  File "D:\Qoder\测试开发平台\backend\modules\knowledge_base_components\offline_parse.py", line 189, in parse_document_offline_impl
    validate_parsed_content(content)
  File "D:\Qoder\测试开发平台\backend\modules\knowledge_base_components\offline_parse_support.py", line 70, in validate_parsed_content
    raise ValueError("未解析到可用文本内容，请检查文件是否为空。")
ValueError: 未解析到可用文本内容，请检查文件是否为空。
[2026-03-16 15:19:01,304: ERROR/MainProcess] Task modules.tasks.parse_knowledge_document_task[7b52e24a-7f2b-42d3-807c-e18c6af9e21f] raised unexpected: ValueError('未解析到可用文本内容，请检查文件是否为空。')
Traceback (most recent call last):
  File "C:\Users\Administrator\AppData\Roaming\Python\Python311\site-packages\celery\app\trace.py", line 479, in trace_task
    R = retval = fun(*args, **kwargs)
                 ^^^^^^^^^^^^^^^^^^^^
  File "C:\Users\Administrator\AppData\Roaming\Python\Python311\site-packages\celery\app\trace.py", line 779, in __protected_call__
    return self.run(*args, **kwargs)
           ^^^^^^^^^^^^^^^^^^^^^^^^^
  File "D:\Qoder\测试开发平台\backend\modules\tasks.py", line 170, in parse_knowledge_document_task
    raise e
  File "D:\Qoder\测试开发平台\backend\modules\tasks.py", line 101, in parse_knowledge_document_task
    result = knowledge_base.parse_document_offline(
             ^^^^^^^^^^^^^^^^^^^^^^^^^^^^^^^^^^^^^^
  File "D:\Qoder\测试开发平台\backend\modules\knowledge_base.py", line 193, in parse_document_offline
    return parse_document_offline_impl(
           ^^^^^^^^^^^^^^^^^^^^^^^^^^^^
  File "D:\Qoder\测试开发平台\backend\modules\knowledge_base_components\offline_parse.py", line 189, in parse_document_offline_impl
    validate_parsed_content(content)
  File "D:\Qoder\测试开发平台\backend\modules\knowledge_base_components\offline_parse_support.py", line 70, in validate_parsed_content
    raise ValueError("未解析到可用文本内容，请检查文件是否为空。")
ValueError: 未解析到可用文本内容，请检查文件是否为空。
[2026-03-16 15:19:02,147: INFO/MainProcess] Task modules.tasks.parse_knowledge_document_task[3f6e28eb-3c8b-4f74-9795-effd76fbe1fa] received
[2026-03-16 15:19:02,149: INFO/MainProcess] 离线解析任务启动 doc_id=160 task_id=3f6e28eb-3c8b-4f74-9795-effd76fbe1fa retry=0 file=D:\Qoder\测试开发平台\backend\runtime\knowledge_uploads\20260316071902_2464b8825fca434cb3f80b38dbf2f88b.xyz
[2026-03-16 15:19:02,153: INFO/MainProcess] 离线解析开始 doc_id=160 task_id=3f6e28eb-3c8b-4f74-9795-effd76fbe1fa retry=0
[2026-03-16 15:19:02,153: ERROR/MainProcess] 离线解析任务异常 doc_id=160 task_id=3f6e28eb-3c8b-4f74-9795-effd76fbe1fa retry=0/2 err=文件解析失败：[Unsupported file type: 20260316071902_2464b8825fca434cb3f80b38dbf2f88b.xyz]
Traceback (most recent call last):
  File "D:\Qoder\测试开发平台\backend\modules\tasks.py", line 101, in parse_knowledge_document_task
    result = knowledge_base.parse_document_offline(
             ^^^^^^^^^^^^^^^^^^^^^^^^^^^^^^^^^^^^^^
  File "D:\Qoder\测试开发平台\backend\modules\knowledge_base.py", line 193, in parse_document_offline
    return parse_document_offline_impl(
           ^^^^^^^^^^^^^^^^^^^^^^^^^^^^
  File "D:\Qoder\测试开发平台\backend\modules\knowledge_base_components\offline_parse.py", line 189, in parse_document_offline_impl
    validate_parsed_content(content)
  File "D:\Qoder\测试开发平台\backend\modules\knowledge_base_components\offline_parse_support.py", line 74, in validate_parsed_content
    raise ValueError(f"文件解析失败：{normalized[:180]}")
ValueError: 文件解析失败：[Unsupported file type: 20260316071902_2464b8825fca434cb3f80b38dbf2f88b.xyz]
[2026-03-16 15:19:02,159: INFO/MainProcess] Task modules.tasks.parse_knowledge_document_task[3f6e28eb-3c8b-4f74-9795-effd76fbe1fa] retry: Retry in 8s: ValueError('文件解析失败：[Unsupported file type: 20260316071902_2464b8825fca434cb3f80b38dbf2f88b.xyz]')
[2026-03-16 15:19:02,162: INFO/MainProcess] Task modules.tasks.parse_knowledge_document_task[3f6e28eb-3c8b-4f74-9795-effd76fbe1fa] received
[2026-03-16 15:19:10,165: INFO/MainProcess] 离线解析任务启动 doc_id=160 task_id=3f6e28eb-3c8b-4f74-9795-effd76fbe1fa retry=1 file=D:\Qoder\测试开发平台\backend\runtime\knowledge_uploads\20260316071902_2464b8825fca434cb3f80b38dbf2f88b.xyz
[2026-03-16 15:19:10,171: INFO/MainProcess] 离线解析开始 doc_id=160 task_id=3f6e28eb-3c8b-4f74-9795-effd76fbe1fa retry=1
[2026-03-16 15:19:10,171: ERROR/MainProcess] 离线解析任务异常 doc_id=160 task_id=3f6e28eb-3c8b-4f74-9795-effd76fbe1fa retry=1/2 err=文件解析失败：[Unsupported file type: 20260316071902_2464b8825fca434cb3f80b38dbf2f88b.xyz]
Traceback (most recent call last):
  File "D:\Qoder\测试开发平台\backend\modules\tasks.py", line 101, in parse_knowledge_document_task
    result = knowledge_base.parse_document_offline(
             ^^^^^^^^^^^^^^^^^^^^^^^^^^^^^^^^^^^^^^
  File "D:\Qoder\测试开发平台\backend\modules\knowledge_base.py", line 193, in parse_document_offline
    return parse_document_offline_impl(
           ^^^^^^^^^^^^^^^^^^^^^^^^^^^^
  File "D:\Qoder\测试开发平台\backend\modules\knowledge_base_components\offline_parse.py", line 189, in parse_document_offline_impl
    validate_parsed_content(content)
  File "D:\Qoder\测试开发平台\backend\modules\knowledge_base_components\offline_parse_support.py", line 74, in validate_parsed_content
    raise ValueError(f"文件解析失败：{normalized[:180]}")
ValueError: 文件解析失败：[Unsupported file type: 20260316071902_2464b8825fca434cb3f80b38dbf2f88b.xyz]
[2026-03-16 15:19:10,178: INFO/MainProcess] Task modules.tasks.parse_knowledge_document_task[3f6e28eb-3c8b-4f74-9795-effd76fbe1fa] received
[2026-03-16 15:19:10,179: INFO/MainProcess] Task modules.tasks.parse_knowledge_document_task[3f6e28eb-3c8b-4f74-9795-effd76fbe1fa] retry: Retry in 8s: ValueError('文件解析失败：[Unsupported file type: 20260316071902_2464b8825fca434cb3f80b38dbf2f88b.xyz]')
[2026-03-16 15:19:18,185: INFO/MainProcess] 离线解析任务启动 doc_id=160 task_id=3f6e28eb-3c8b-4f74-9795-effd76fbe1fa retry=2 file=D:\Qoder\测试开发平台\backend\runtime\knowledge_uploads\20260316071902_2464b8825fca434cb3f80b38dbf2f88b.xyz
[2026-03-16 15:19:18,190: INFO/MainProcess] 离线解析开始 doc_id=160 task_id=3f6e28eb-3c8b-4f74-9795-effd76fbe1fa retry=2
[2026-03-16 15:19:18,190: ERROR/MainProcess] 离线解析任务异常 doc_id=160 task_id=3f6e28eb-3c8b-4f74-9795-effd76fbe1fa retry=2/2 err=文件解析失败：[Unsupported file type: 20260316071902_2464b8825fca434cb3f80b38dbf2f88b.xyz]
Traceback (most recent call last):
  File "D:\Qoder\测试开发平台\backend\modules\tasks.py", line 101, in parse_knowledge_document_task
    result = knowledge_base.parse_document_offline(
             ^^^^^^^^^^^^^^^^^^^^^^^^^^^^^^^^^^^^^^
  File "D:\Qoder\测试开发平台\backend\modules\knowledge_base.py", line 193, in parse_document_offline
    return parse_document_offline_impl(
           ^^^^^^^^^^^^^^^^^^^^^^^^^^^^
  File "D:\Qoder\测试开发平台\backend\modules\knowledge_base_components\offline_parse.py", line 189, in parse_document_offline_impl
    validate_parsed_content(content)
  File "D:\Qoder\测试开发平台\backend\modules\knowledge_base_components\offline_parse_support.py", line 74, in validate_parsed_content
    raise ValueError(f"文件解析失败：{normalized[:180]}")
ValueError: 文件解析失败：[Unsupported file type: 20260316071902_2464b8825fca434cb3f80b38dbf2f88b.xyz]
[2026-03-16 15:19:18,201: ERROR/MainProcess] Task modules.tasks.parse_knowledge_document_task[3f6e28eb-3c8b-4f74-9795-effd76fbe1fa] raised unexpected: ValueError('文件解析失败：[Unsupported file type: 20260316071902_2464b8825fca434cb3f80b38dbf2f88b.xyz]')
Traceback (most recent call last):
  File "C:\Users\Administrator\AppData\Roaming\Python\Python311\site-packages\celery\app\trace.py", line 479, in trace_task
    R = retval = fun(*args, **kwargs)
                 ^^^^^^^^^^^^^^^^^^^^
  File "C:\Users\Administrator\AppData\Roaming\Python\Python311\site-packages\celery\app\trace.py", line 779, in __protected_call__
    return self.run(*args, **kwargs)
           ^^^^^^^^^^^^^^^^^^^^^^^^^
  File "D:\Qoder\测试开发平台\backend\modules\tasks.py", line 170, in parse_knowledge_document_task
    raise e
  File "D:\Qoder\测试开发平台\backend\modules\tasks.py", line 101, in parse_knowledge_document_task
    result = knowledge_base.parse_document_offline(
             ^^^^^^^^^^^^^^^^^^^^^^^^^^^^^^^^^^^^^^
  File "D:\Qoder\测试开发平台\backend\modules\knowledge_base.py", line 193, in parse_document_offline
    return parse_document_offline_impl(
           ^^^^^^^^^^^^^^^^^^^^^^^^^^^^
  File "D:\Qoder\测试开发平台\backend\modules\knowledge_base_components\offline_parse.py", line 189, in parse_document_offline_impl
    validate_parsed_content(content)
  File "D:\Qoder\测试开发平台\backend\modules\knowledge_base_components\offline_parse_support.py", line 74, in validate_parsed_content
    raise ValueError(f"文件解析失败：{normalized[:180]}")
ValueError: 文件解析失败：[Unsupported file type: 20260316071902_2464b8825fca434cb3f80b38dbf2f88b.xyz]
[2026-03-16 15:19:19,069: INFO/MainProcess] Task modules.tasks.parse_knowledge_document_task[e5bddb81-3a0b-4844-8169-6ea21e25975f] received
[2026-03-16 15:19:19,069: INFO/MainProcess] 离线解析任务启动 doc_id=161 task_id=e5bddb81-3a0b-4844-8169-6ea21e25975f retry=0 file=D:\Qoder\测试开发平台\backend\runtime\knowledge_uploads\20260316071919_4f72e4e1ebde415e8e4d304adaf98a6e.pdf
[2026-03-16 15:19:19,073: INFO/MainProcess] 离线解析开始 doc_id=161 task_id=e5bddb81-3a0b-4844-8169-6ea21e25975f retry=0
[2026-03-16 15:19:19,073: ERROR/MainProcess] 离线解析任务异常 doc_id=161 task_id=e5bddb81-3a0b-4844-8169-6ea21e25975f retry=0/2 err=文件解析失败：[Error parsing file: startxref not found]
Traceback (most recent call last):
  File "D:\Qoder\测试开发平台\backend\modules\tasks.py", line 101, in parse_knowledge_document_task
    result = knowledge_base.parse_document_offline(
             ^^^^^^^^^^^^^^^^^^^^^^^^^^^^^^^^^^^^^^
  File "D:\Qoder\测试开发平台\backend\modules\knowledge_base.py", line 193, in parse_document_offline
    return parse_document_offline_impl(
           ^^^^^^^^^^^^^^^^^^^^^^^^^^^^
  File "D:\Qoder\测试开发平台\backend\modules\knowledge_base_components\offline_parse.py", line 189, in parse_document_offline_impl
    validate_parsed_content(content)
  File "D:\Qoder\测试开发平台\backend\modules\knowledge_base_components\offline_parse_support.py", line 74, in validate_parsed_content
    raise ValueError(f"文件解析失败：{normalized[:180]}")
ValueError: 文件解析失败：[Error parsing file: startxref not found]
[2026-03-16 15:19:19,081: INFO/MainProcess] Task modules.tasks.parse_knowledge_document_task[e5bddb81-3a0b-4844-8169-6ea21e25975f] retry: Retry in 8s: ValueError('文件解析失败：[Error parsing file: startxref not found]')
[2026-03-16 15:19:19,083: INFO/MainProcess] Task modules.tasks.parse_knowledge_document_task[e5bddb81-3a0b-4844-8169-6ea21e25975f] received
[2026-03-16 15:19:27,081: INFO/MainProcess] 离线解析任务启动 doc_id=161 task_id=e5bddb81-3a0b-4844-8169-6ea21e25975f retry=1 file=D:\Qoder\测试开发平台\backend\runtime\knowledge_uploads\20260316071919_4f72e4e1ebde415e8e4d304adaf98a6e.pdf
[2026-03-16 15:19:27,095: INFO/MainProcess] 离线解析开始 doc_id=161 task_id=e5bddb81-3a0b-4844-8169-6ea21e25975f retry=1
[2026-03-16 15:19:27,095: ERROR/MainProcess] 离线解析任务异常 doc_id=161 task_id=e5bddb81-3a0b-4844-8169-6ea21e25975f retry=1/2 err=文件解析失败：[Error parsing file: startxref not found]
Traceback (most recent call last):
  File "D:\Qoder\测试开发平台\backend\modules\tasks.py", line 101, in parse_knowledge_document_task
    result = knowledge_base.parse_document_offline(
             ^^^^^^^^^^^^^^^^^^^^^^^^^^^^^^^^^^^^^^
  File "D:\Qoder\测试开发平台\backend\modules\knowledge_base.py", line 193, in parse_document_offline
    return parse_document_offline_impl(
           ^^^^^^^^^^^^^^^^^^^^^^^^^^^^
  File "D:\Qoder\测试开发平台\backend\modules\knowledge_base_components\offline_parse.py", line 189, in parse_document_offline_impl
    validate_parsed_content(content)
  File "D:\Qoder\测试开发平台\backend\modules\knowledge_base_components\offline_parse_support.py", line 74, in validate_parsed_content
    raise ValueError(f"文件解析失败：{normalized[:180]}")
ValueError: 文件解析失败：[Error parsing file: startxref not found]
[2026-03-16 15:19:27,101: INFO/MainProcess] Task modules.tasks.parse_knowledge_document_task[e5bddb81-3a0b-4844-8169-6ea21e25975f] received
[2026-03-16 15:19:27,102: INFO/MainProcess] Task modules.tasks.parse_knowledge_document_task[e5bddb81-3a0b-4844-8169-6ea21e25975f] retry: Retry in 8s: ValueError('文件解析失败：[Error parsing file: startxref not found]')
[2026-03-16 15:19:35,107: INFO/MainProcess] 离线解析任务启动 doc_id=161 task_id=e5bddb81-3a0b-4844-8169-6ea21e25975f retry=2 file=D:\Qoder\测试开发平台\backend\runtime\knowledge_uploads\20260316071919_4f72e4e1ebde415e8e4d304adaf98a6e.pdf
[2026-03-16 15:19:35,122: INFO/MainProcess] 离线解析开始 doc_id=161 task_id=e5bddb81-3a0b-4844-8169-6ea21e25975f retry=2
[2026-03-16 15:19:35,122: ERROR/MainProcess] 离线解析任务异常 doc_id=161 task_id=e5bddb81-3a0b-4844-8169-6ea21e25975f retry=2/2 err=文件解析失败：[Error parsing file: startxref not found]
Traceback (most recent call last):
  File "D:\Qoder\测试开发平台\backend\modules\tasks.py", line 101, in parse_knowledge_document_task
    result = knowledge_base.parse_document_offline(
             ^^^^^^^^^^^^^^^^^^^^^^^^^^^^^^^^^^^^^^
  File "D:\Qoder\测试开发平台\backend\modules\knowledge_base.py", line 193, in parse_document_offline
    return parse_document_offline_impl(
           ^^^^^^^^^^^^^^^^^^^^^^^^^^^^
  File "D:\Qoder\测试开发平台\backend\modules\knowledge_base_components\offline_parse.py", line 189, in parse_document_offline_impl
    validate_parsed_content(content)
  File "D:\Qoder\测试开发平台\backend\modules\knowledge_base_components\offline_parse_support.py", line 74, in validate_parsed_content
    raise ValueError(f"文件解析失败：{normalized[:180]}")
ValueError: 文件解析失败：[Error parsing file: startxref not found]
[2026-03-16 15:19:35,128: ERROR/MainProcess] Task modules.tasks.parse_knowledge_document_task[e5bddb81-3a0b-4844-8169-6ea21e25975f] raised unexpected: ValueError('文件解析失败：[Error parsing file: startxref not found]')
Traceback (most recent call last):
  File "C:\Users\Administrator\AppData\Roaming\Python\Python311\site-packages\celery\app\trace.py", line 479, in trace_task
    R = retval = fun(*args, **kwargs)
                 ^^^^^^^^^^^^^^^^^^^^
  File "C:\Users\Administrator\AppData\Roaming\Python\Python311\site-packages\celery\app\trace.py", line 779, in __protected_call__
    return self.run(*args, **kwargs)
           ^^^^^^^^^^^^^^^^^^^^^^^^^
  File "D:\Qoder\测试开发平台\backend\modules\tasks.py", line 170, in parse_knowledge_document_task
    raise e
  File "D:\Qoder\测试开发平台\backend\modules\tasks.py", line 101, in parse_knowledge_document_task
    result = knowledge_base.parse_document_offline(
             ^^^^^^^^^^^^^^^^^^^^^^^^^^^^^^^^^^^^^^
  File "D:\Qoder\测试开发平台\backend\modules\knowledge_base.py", line 193, in parse_document_offline
    return parse_document_offline_impl(
           ^^^^^^^^^^^^^^^^^^^^^^^^^^^^
  File "D:\Qoder\测试开发平台\backend\modules\knowledge_base_components\offline_parse.py", line 189, in parse_document_offline_impl
    validate_parsed_content(content)
  File "D:\Qoder\测试开发平台\backend\modules\knowledge_base_components\offline_parse_support.py", line 74, in validate_parsed_content
    raise ValueError(f"文件解析失败：{normalized[:180]}")
ValueError: 文件解析失败：[Error parsing file: startxref not found]
[2026-03-16 15:19:35,991: INFO/MainProcess] Task modules.tasks.parse_knowledge_document_task[189afeeb-719b-4638-86e4-1ad81cffcf47] received
[2026-03-16 15:19:35,991: INFO/MainProcess] 离线解析任务启动 doc_id=162 task_id=189afeeb-719b-4638-86e4-1ad81cffcf47 retry=0 file=D:\Qoder\测试开发平台\backend\runtime\knowledge_uploads\20260316071935_469f4b45e01e4548be71d253b63d4655.txt
[2026-03-16 15:19:35,995: INFO/MainProcess] 离线解析开始 doc_id=162 task_id=189afeeb-719b-4638-86e4-1ad81cffcf47 retry=0
[2026-03-16 15:19:35,995: ERROR/MainProcess] 离线解析任务异常 doc_id=162 task_id=189afeeb-719b-4638-86e4-1ad81cffcf47 retry=0/2 err=离线解析注入失败：fail_once
Traceback (most recent call last):
  File "D:\Qoder\测试开发平台\backend\modules\tasks.py", line 101, in parse_knowledge_document_task
    result = knowledge_base.parse_document_offline(
             ^^^^^^^^^^^^^^^^^^^^^^^^^^^^^^^^^^^^^^
  File "D:\Qoder\测试开发平台\backend\modules\knowledge_base.py", line 193, in parse_document_offline
    return parse_document_offline_impl(
           ^^^^^^^^^^^^^^^^^^^^^^^^^^^^
  File "D:\Qoder\测试开发平台\backend\modules\knowledge_base_components\offline_parse.py", line 186, in parse_document_offline_impl
    raise RuntimeError("离线解析注入失败：fail_once")
RuntimeError: 离线解析注入失败：fail_once
[2026-03-16 15:19:36,005: INFO/MainProcess] Task modules.tasks.parse_knowledge_document_task[189afeeb-719b-4638-86e4-1ad81cffcf47] retry: Retry in 8s: RuntimeError('离线解析注入失败：fail_once')
[2026-03-16 15:19:36,008: INFO/MainProcess] Task modules.tasks.parse_knowledge_document_task[189afeeb-719b-4638-86e4-1ad81cffcf47] received
[2026-03-16 15:19:44,006: INFO/MainProcess] 离线解析任务启动 doc_id=162 task_id=189afeeb-719b-4638-86e4-1ad81cffcf47 retry=1 file=D:\Qoder\测试开发平台\backend\runtime\knowledge_uploads\20260316071935_469f4b45e01e4548be71d253b63d4655.txt
[2026-03-16 15:19:44,022: INFO/MainProcess] 离线解析开始 doc_id=162 task_id=189afeeb-719b-4638-86e4-1ad81cffcf47 retry=1
[2026-03-16 15:19:44,422: INFO/MainProcess] 离线解析成功 doc_id=162 task_id=189afeeb-719b-4638-86e4-1ad81cffcf47
[2026-03-16 15:19:44,422: INFO/MainProcess] 离线解析任务完成 doc_id=162 task_id=189afeeb-719b-4638-86e4-1ad81cffcf47 result={'status': 'success', 'document_id': 162}
[2026-03-16 15:19:44,423: INFO/MainProcess] Task modules.tasks.parse_knowledge_document_task[189afeeb-719b-4638-86e4-1ad81cffcf47] succeeded in 0.40600000001722947s: {'status': 'success', 'document_id': 162}
[2026-03-16 15:19:44,791: INFO/MainProcess] Task modules.tasks.parse_knowledge_document_task[27fc17ef-38a2-43b3-9c3f-46883bf8538a] received
[2026-03-16 15:19:44,791: INFO/MainProcess] 离线解析任务启动 doc_id=163 task_id=27fc17ef-38a2-43b3-9c3f-46883bf8538a retry=0 file=D:\Qoder\测试开发平台\backend\runtime\knowledge_uploads\20260316071944_4ba4c67969fe4ab8bc1b29eb4e8370e6.txt
[2026-03-16 15:19:44,796: INFO/MainProcess] 离线解析开始 doc_id=163 task_id=27fc17ef-38a2-43b3-9c3f-46883bf8538a retry=0
[2026-03-16 15:19:44,801: ERROR/MainProcess] 离线解析任务异常 doc_id=163 task_id=27fc17ef-38a2-43b3-9c3f-46883bf8538a retry=0/2 err=离线解析注入失败：summary_fail
Traceback (most recent call last):
  File "D:\Qoder\测试开发平台\backend\modules\tasks.py", line 101, in parse_knowledge_document_task
    result = knowledge_base.parse_document_offline(
             ^^^^^^^^^^^^^^^^^^^^^^^^^^^^^^^^^^^^^^
  File "D:\Qoder\测试开发平台\backend\modules\knowledge_base.py", line 193, in parse_document_offline
    return parse_document_offline_impl(
           ^^^^^^^^^^^^^^^^^^^^^^^^^^^^
  File "D:\Qoder\测试开发平台\backend\modules\knowledge_base_components\offline_parse.py", line 222, in parse_document_offline_impl
    raise RuntimeError("离线解析注入失败：summary_fail")
RuntimeError: 离线解析注入失败：summary_fail
[2026-03-16 15:19:44,807: INFO/MainProcess] Task modules.tasks.parse_knowledge_document_task[27fc17ef-38a2-43b3-9c3f-46883bf8538a] retry: Retry in 8s: RuntimeError('离线解析注入失败：summary_fail')
[2026-03-16 15:19:44,808: INFO/MainProcess] Task modules.tasks.parse_knowledge_document_task[27fc17ef-38a2-43b3-9c3f-46883bf8538a] received
[2026-03-16 15:19:52,800: INFO/MainProcess] 离线解析任务启动 doc_id=163 task_id=27fc17ef-38a2-43b3-9c3f-46883bf8538a retry=1 file=D:\Qoder\测试开发平台\backend\runtime\knowledge_uploads\20260316071944_4ba4c67969fe4ab8bc1b29eb4e8370e6.txt
[2026-03-16 15:19:52,813: INFO/MainProcess] 离线解析开始 doc_id=163 task_id=27fc17ef-38a2-43b3-9c3f-46883bf8538a retry=1
[2026-03-16 15:19:52,817: ERROR/MainProcess] 离线解析任务异常 doc_id=163 task_id=27fc17ef-38a2-43b3-9c3f-46883bf8538a retry=1/2 err=离线解析注入失败：summary_fail
Traceback (most recent call last):
  File "D:\Qoder\测试开发平台\backend\modules\tasks.py", line 101, in parse_knowledge_document_task
    result = knowledge_base.parse_document_offline(
             ^^^^^^^^^^^^^^^^^^^^^^^^^^^^^^^^^^^^^^
  File "D:\Qoder\测试开发平台\backend\modules\knowledge_base.py", line 193, in parse_document_offline
    return parse_document_offline_impl(
           ^^^^^^^^^^^^^^^^^^^^^^^^^^^^
  File "D:\Qoder\测试开发平台\backend\modules\knowledge_base_components\offline_parse.py", line 222, in parse_document_offline_impl
    raise RuntimeError("离线解析注入失败：summary_fail")
RuntimeError: 离线解析注入失败：summary_fail
[2026-03-16 15:19:52,822: INFO/MainProcess] Task modules.tasks.parse_knowledge_document_task[27fc17ef-38a2-43b3-9c3f-46883bf8538a] received
[2026-03-16 15:19:52,824: INFO/MainProcess] Task modules.tasks.parse_knowledge_document_task[27fc17ef-38a2-43b3-9c3f-46883bf8538a] retry: Retry in 8s: RuntimeError('离线解析注入失败：summary_fail')
[2026-03-16 15:20:00,816: INFO/MainProcess] 离线解析任务启动 doc_id=163 task_id=27fc17ef-38a2-43b3-9c3f-46883bf8538a retry=2 file=D:\Qoder\测试开发平台\backend\runtime\knowledge_uploads\20260316071944_4ba4c67969fe4ab8bc1b29eb4e8370e6.txt
[2026-03-16 15:20:00,822: INFO/MainProcess] 离线解析开始 doc_id=163 task_id=27fc17ef-38a2-43b3-9c3f-46883bf8538a retry=2
[2026-03-16 15:20:00,824: ERROR/MainProcess] 离线解析任务异常 doc_id=163 task_id=27fc17ef-38a2-43b3-9c3f-46883bf8538a retry=2/2 err=离线解析注入失败：summary_fail
Traceback (most recent call last):
  File "D:\Qoder\测试开发平台\backend\modules\tasks.py", line 101, in parse_knowledge_document_task
    result = knowledge_base.parse_document_offline(
             ^^^^^^^^^^^^^^^^^^^^^^^^^^^^^^^^^^^^^^
  File "D:\Qoder\测试开发平台\backend\modules\knowledge_base.py", line 193, in parse_document_offline
    return parse_document_offline_impl(
           ^^^^^^^^^^^^^^^^^^^^^^^^^^^^
  File "D:\Qoder\测试开发平台\backend\modules\knowledge_base_components\offline_parse.py", line 222, in parse_document_offline_impl
    raise RuntimeError("离线解析注入失败：summary_fail")
RuntimeError: 离线解析注入失败：summary_fail
[2026-03-16 15:20:00,829: ERROR/MainProcess] Task modules.tasks.parse_knowledge_document_task[27fc17ef-38a2-43b3-9c3f-46883bf8538a] raised unexpected: RuntimeError('离线解析注入失败：summary_fail')
Traceback (most recent call last):
  File "C:\Users\Administrator\AppData\Roaming\Python\Python311\site-packages\celery\app\trace.py", line 479, in trace_task
    R = retval = fun(*args, **kwargs)
                 ^^^^^^^^^^^^^^^^^^^^
  File "C:\Users\Administrator\AppData\Roaming\Python\Python311\site-packages\celery\app\trace.py", line 779, in __protected_call__
    return self.run(*args, **kwargs)
           ^^^^^^^^^^^^^^^^^^^^^^^^^
  File "D:\Qoder\测试开发平台\backend\modules\tasks.py", line 170, in parse_knowledge_document_task
    raise e
  File "D:\Qoder\测试开发平台\backend\modules\tasks.py", line 101, in parse_knowledge_document_task
    result = knowledge_base.parse_document_offline(
             ^^^^^^^^^^^^^^^^^^^^^^^^^^^^^^^^^^^^^^
  File "D:\Qoder\测试开发平台\backend\modules\knowledge_base.py", line 193, in parse_document_offline
    return parse_document_offline_impl(
           ^^^^^^^^^^^^^^^^^^^^^^^^^^^^
  File "D:\Qoder\测试开发平台\backend\modules\knowledge_base_components\offline_parse.py", line 222, in parse_document_offline_impl
    raise RuntimeError("离线解析注入失败：summary_fail")
RuntimeError: 离线解析注入失败：summary_fail
[2026-03-16 15:20:01,710: INFO/MainProcess] Task modules.tasks.parse_knowledge_document_task[ca0f7b4d-dae0-48ed-a0cb-e939b4d13432] received
[2026-03-16 15:20:01,710: INFO/MainProcess] 离线解析任务启动 doc_id=164 task_id=ca0f7b4d-dae0-48ed-a0cb-e939b4d13432 retry=0 file=D:\Qoder\测试开发平台\backend\runtime\knowledge_uploads\20260316072001_e2f0637a4b3740c9ad050c60a3969554.txt
[2026-03-16 15:20:01,714: INFO/MainProcess] 离线解析开始 doc_id=164 task_id=ca0f7b4d-dae0-48ed-a0cb-e939b4d13432 retry=0
[2026-03-16 15:20:01,719: ERROR/MainProcess] 离线解析任务异常 doc_id=164 task_id=ca0f7b4d-dae0-48ed-a0cb-e939b4d13432 retry=0/2 err=离线解析注入失败：chroma_fail
Traceback (most recent call last):
  File "D:\Qoder\测试开发平台\backend\modules\tasks.py", line 101, in parse_knowledge_document_task
    result = knowledge_base.parse_document_offline(
             ^^^^^^^^^^^^^^^^^^^^^^^^^^^^^^^^^^^^^^
  File "D:\Qoder\测试开发平台\backend\modules\knowledge_base.py", line 193, in parse_document_offline
    return parse_document_offline_impl(
           ^^^^^^^^^^^^^^^^^^^^^^^^^^^^
  File "D:\Qoder\测试开发平台\backend\modules\knowledge_base_components\offline_parse.py", line 232, in parse_document_offline_impl
    raise RuntimeError("离线解析注入失败：chroma_fail")
RuntimeError: 离线解析注入失败：chroma_fail
[2026-03-16 15:20:01,726: INFO/MainProcess] Task modules.tasks.parse_knowledge_document_task[ca0f7b4d-dae0-48ed-a0cb-e939b4d13432] retry: Retry in 8s: RuntimeError('离线解析注入失败：chroma_fail')
[2026-03-16 15:20:01,728: INFO/MainProcess] Task modules.tasks.parse_knowledge_document_task[ca0f7b4d-dae0-48ed-a0cb-e939b4d13432] received
[2026-03-16 15:20:09,725: INFO/MainProcess] 离线解析任务启动 doc_id=164 task_id=ca0f7b4d-dae0-48ed-a0cb-e939b4d13432 retry=1 file=D:\Qoder\测试开发平台\backend\runtime\knowledge_uploads\20260316072001_e2f0637a4b3740c9ad050c60a3969554.txt
[2026-03-16 15:20:09,740: INFO/MainProcess] 离线解析开始 doc_id=164 task_id=ca0f7b4d-dae0-48ed-a0cb-e939b4d13432 retry=1
[2026-03-16 15:20:09,741: ERROR/MainProcess] 离线解析任务异常 doc_id=164 task_id=ca0f7b4d-dae0-48ed-a0cb-e939b4d13432 retry=1/2 err=离线解析注入失败：chroma_fail
Traceback (most recent call last):
  File "D:\Qoder\测试开发平台\backend\modules\tasks.py", line 101, in parse_knowledge_document_task
    result = knowledge_base.parse_document_offline(
             ^^^^^^^^^^^^^^^^^^^^^^^^^^^^^^^^^^^^^^
  File "D:\Qoder\测试开发平台\backend\modules\knowledge_base.py", line 193, in parse_document_offline
    return parse_document_offline_impl(
           ^^^^^^^^^^^^^^^^^^^^^^^^^^^^
  File "D:\Qoder\测试开发平台\backend\modules\knowledge_base_components\offline_parse.py", line 232, in parse_document_offline_impl
    raise RuntimeError("离线解析注入失败：chroma_fail")
RuntimeError: 离线解析注入失败：chroma_fail
[2026-03-16 15:20:09,748: INFO/MainProcess] Task modules.tasks.parse_knowledge_document_task[ca0f7b4d-dae0-48ed-a0cb-e939b4d13432] received
[2026-03-16 15:20:09,749: INFO/MainProcess] Task modules.tasks.parse_knowledge_document_task[ca0f7b4d-dae0-48ed-a0cb-e939b4d13432] retry: Retry in 8s: RuntimeError('离线解析注入失败：chroma_fail')
[2026-03-16 15:20:17,740: INFO/MainProcess] 离线解析任务启动 doc_id=164 task_id=ca0f7b4d-dae0-48ed-a0cb-e939b4d13432 retry=2 file=D:\Qoder\测试开发平台\backend\runtime\knowledge_uploads\20260316072001_e2f0637a4b3740c9ad050c60a3969554.txt
[2026-03-16 15:20:17,747: INFO/MainProcess] 离线解析开始 doc_id=164 task_id=ca0f7b4d-dae0-48ed-a0cb-e939b4d13432 retry=2
[2026-03-16 15:20:17,750: ERROR/MainProcess] 离线解析任务异常 doc_id=164 task_id=ca0f7b4d-dae0-48ed-a0cb-e939b4d13432 retry=2/2 err=离线解析注入失败：chroma_fail
Traceback (most recent call last):
  File "D:\Qoder\测试开发平台\backend\modules\tasks.py", line 101, in parse_knowledge_document_task
    result = knowledge_base.parse_document_offline(
             ^^^^^^^^^^^^^^^^^^^^^^^^^^^^^^^^^^^^^^
  File "D:\Qoder\测试开发平台\backend\modules\knowledge_base.py", line 193, in parse_document_offline
    return parse_document_offline_impl(
           ^^^^^^^^^^^^^^^^^^^^^^^^^^^^
  File "D:\Qoder\测试开发平台\backend\modules\knowledge_base_components\offline_parse.py", line 232, in parse_document_offline_impl
    raise RuntimeError("离线解析注入失败：chroma_fail")
RuntimeError: 离线解析注入失败：chroma_fail
[2026-03-16 15:20:17,756: ERROR/MainProcess] Task modules.tasks.parse_knowledge_document_task[ca0f7b4d-dae0-48ed-a0cb-e939b4d13432] raised unexpected: RuntimeError('离线解析注入失败：chroma_fail')
Traceback (most recent call last):
  File "C:\Users\Administrator\AppData\Roaming\Python\Python311\site-packages\celery\app\trace.py", line 479, in trace_task
    R = retval = fun(*args, **kwargs)
                 ^^^^^^^^^^^^^^^^^^^^
  File "C:\Users\Administrator\AppData\Roaming\Python\Python311\site-packages\celery\app\trace.py", line 779, in __protected_call__
    return self.run(*args, **kwargs)
           ^^^^^^^^^^^^^^^^^^^^^^^^^
  File "D:\Qoder\测试开发平台\backend\modules\tasks.py", line 170, in parse_knowledge_document_task
    raise e
  File "D:\Qoder\测试开发平台\backend\modules\tasks.py", line 101, in parse_knowledge_document_task
    result = knowledge_base.parse_document_offline(
             ^^^^^^^^^^^^^^^^^^^^^^^^^^^^^^^^^^^^^^
  File "D:\Qoder\测试开发平台\backend\modules\knowledge_base.py", line 193, in parse_document_offline
    return parse_document_offline_impl(
           ^^^^^^^^^^^^^^^^^^^^^^^^^^^^
  File "D:\Qoder\测试开发平台\backend\modules\knowledge_base_components\offline_parse.py", line 232, in parse_document_offline_impl
    raise RuntimeError("离线解析注入失败：chroma_fail")
RuntimeError: 离线解析注入失败：chroma_fail
[2026-03-16 15:20:18,630: INFO/MainProcess] Task modules.tasks.parse_knowledge_document_task[03a45d17-d73f-43d7-bad8-3254a61410ce] received
[2026-03-16 15:20:18,630: INFO/MainProcess] 离线解析任务启动 doc_id=165 task_id=03a45d17-d73f-43d7-bad8-3254a61410ce retry=0 file=D:\Qoder\测试开发平台\backend\runtime\knowledge_uploads\20260316072018_47399771ac25453081bf04b23d7c9b95.txt
[2026-03-16 15:20:18,636: INFO/MainProcess] 离线解析开始 doc_id=165 task_id=03a45d17-d73f-43d7-bad8-3254a61410ce retry=0
[2026-03-16 15:20:18,636: ERROR/MainProcess] 离线解析任务异常 doc_id=165 task_id=03a45d17-d73f-43d7-bad8-3254a61410ce retry=0/2 err=离线解析注入失败：runtime_fail
Traceback (most recent call last):
  File "D:\Qoder\测试开发平台\backend\modules\tasks.py", line 101, in parse_knowledge_document_task
    result = knowledge_base.parse_document_offline(
             ^^^^^^^^^^^^^^^^^^^^^^^^^^^^^^^^^^^^^^
  File "D:\Qoder\测试开发平台\backend\modules\knowledge_base.py", line 193, in parse_document_offline
    return parse_document_offline_impl(
           ^^^^^^^^^^^^^^^^^^^^^^^^^^^^
  File "D:\Qoder\测试开发平台\backend\modules\knowledge_base_components\offline_parse.py", line 184, in parse_document_offline_impl
    raise RuntimeError("离线解析注入失败：runtime_fail")
RuntimeError: 离线解析注入失败：runtime_fail
[2026-03-16 15:20:18,643: INFO/MainProcess] Task modules.tasks.parse_knowledge_document_task[03a45d17-d73f-43d7-bad8-3254a61410ce] retry: Retry in 8s: RuntimeError('离线解析注入失败：runtime_fail')
[2026-03-16 15:20:18,645: INFO/MainProcess] Task modules.tasks.parse_knowledge_document_task[03a45d17-d73f-43d7-bad8-3254a61410ce] received
[2026-03-16 15:20:26,652: INFO/MainProcess] 离线解析任务启动 doc_id=165 task_id=03a45d17-d73f-43d7-bad8-3254a61410ce retry=1 file=D:\Qoder\测试开发平台\backend\runtime\knowledge_uploads\20260316072018_47399771ac25453081bf04b23d7c9b95.txt
[2026-03-16 15:20:26,664: INFO/MainProcess] 离线解析开始 doc_id=165 task_id=03a45d17-d73f-43d7-bad8-3254a61410ce retry=1
[2026-03-16 15:20:26,664: ERROR/MainProcess] 离线解析任务异常 doc_id=165 task_id=03a45d17-d73f-43d7-bad8-3254a61410ce retry=1/2 err=离线解析注入失败：runtime_fail
Traceback (most recent call last):
  File "D:\Qoder\测试开发平台\backend\modules\tasks.py", line 101, in parse_knowledge_document_task
    result = knowledge_base.parse_document_offline(
             ^^^^^^^^^^^^^^^^^^^^^^^^^^^^^^^^^^^^^^
  File "D:\Qoder\测试开发平台\backend\modules\knowledge_base.py", line 193, in parse_document_offline
    return parse_document_offline_impl(
           ^^^^^^^^^^^^^^^^^^^^^^^^^^^^
  File "D:\Qoder\测试开发平台\backend\modules\knowledge_base_components\offline_parse.py", line 184, in parse_document_offline_impl
    raise RuntimeError("离线解析注入失败：runtime_fail")
RuntimeError: 离线解析注入失败：runtime_fail
[2026-03-16 15:20:26,670: INFO/MainProcess] Task modules.tasks.parse_knowledge_document_task[03a45d17-d73f-43d7-bad8-3254a61410ce] received
[2026-03-16 15:20:26,671: INFO/MainProcess] Task modules.tasks.parse_knowledge_document_task[03a45d17-d73f-43d7-bad8-3254a61410ce] retry: Retry in 8s: RuntimeError('离线解析注入失败：runtime_fail')
[2026-03-16 15:20:34,662: INFO/MainProcess] 离线解析任务启动 doc_id=165 task_id=03a45d17-d73f-43d7-bad8-3254a61410ce retry=2 file=D:\Qoder\测试开发平台\backend\runtime\knowledge_uploads\20260316072018_47399771ac25453081bf04b23d7c9b95.txt
[2026-03-16 15:20:34,678: INFO/MainProcess] 离线解析开始 doc_id=165 task_id=03a45d17-d73f-43d7-bad8-3254a61410ce retry=2
[2026-03-16 15:20:34,678: ERROR/MainProcess] 离线解析任务异常 doc_id=165 task_id=03a45d17-d73f-43d7-bad8-3254a61410ce retry=2/2 err=离线解析注入失败：runtime_fail
Traceback (most recent call last):
  File "D:\Qoder\测试开发平台\backend\modules\tasks.py", line 101, in parse_knowledge_document_task
    result = knowledge_base.parse_document_offline(
             ^^^^^^^^^^^^^^^^^^^^^^^^^^^^^^^^^^^^^^
  File "D:\Qoder\测试开发平台\backend\modules\knowledge_base.py", line 193, in parse_document_offline
    return parse_document_offline_impl(
           ^^^^^^^^^^^^^^^^^^^^^^^^^^^^
  File "D:\Qoder\测试开发平台\backend\modules\knowledge_base_components\offline_parse.py", line 184, in parse_document_offline_impl
    raise RuntimeError("离线解析注入失败：runtime_fail")
RuntimeError: 离线解析注入失败：runtime_fail
[2026-03-16 15:20:34,686: ERROR/MainProcess] Task modules.tasks.parse_knowledge_document_task[03a45d17-d73f-43d7-bad8-3254a61410ce] raised unexpected: RuntimeError('离线解析注入失败：runtime_fail')
Traceback (most recent call last):
  File "C:\Users\Administrator\AppData\Roaming\Python\Python311\site-packages\celery\app\trace.py", line 479, in trace_task
    R = retval = fun(*args, **kwargs)
                 ^^^^^^^^^^^^^^^^^^^^
  File "C:\Users\Administrator\AppData\Roaming\Python\Python311\site-packages\celery\app\trace.py", line 779, in __protected_call__
    return self.run(*args, **kwargs)
           ^^^^^^^^^^^^^^^^^^^^^^^^^
  File "D:\Qoder\测试开发平台\backend\modules\tasks.py", line 170, in parse_knowledge_document_task
    raise e
  File "D:\Qoder\测试开发平台\backend\modules\tasks.py", line 101, in parse_knowledge_document_task
    result = knowledge_base.parse_document_offline(
             ^^^^^^^^^^^^^^^^^^^^^^^^^^^^^^^^^^^^^^
  File "D:\Qoder\测试开发平台\backend\modules\knowledge_base.py", line 193, in parse_document_offline
    return parse_document_offline_impl(
           ^^^^^^^^^^^^^^^^^^^^^^^^^^^^
  File "D:\Qoder\测试开发平台\backend\modules\knowledge_base_components\offline_parse.py", line 184, in parse_document_offline_impl
    raise RuntimeError("离线解析注入失败：runtime_fail")
RuntimeError: 离线解析注入失败：runtime_fail
