Successfully connected to MySQL database: ai_test_platform
Redis connected: 127.0.0.1:6379
 
 -------------- celery@DESKTOP-F86RMFU v5.6.2 (recovery)
--- ***** ----- 
-- ******* ---- Windows-10-10.0.26100-SP0 2026-03-16 15:12:27
- *** --- * --- 
- ** ---------- [config]
- ** ---------- .> app:         ai_test_platform:0x226993a03d0
- ** ---------- .> transport:   redis://localhost:6379/0
- ** ---------- .> results:     redis://localhost:6379/0
- *** --- * --- .> concurrency: 16 (solo)
-- ******* ---- .> task events: OFF (enable -E to monitor tasks in this worker)
--- ***** ----- 
 -------------- [queues]
                .> celery           exchange=celery(direct) key=celery
                

[tasks]
  . modules.tasks.archive_old_data_task
  . modules.tasks.cleanup_logs_task
  . modules.tasks.generate_test_cases_task
  . modules.tasks.parse_knowledge_document_task

[2026-03-16 15:12:27,885: INFO/MainProcess] Connected to redis://localhost:6379/0
[2026-03-16 15:12:27,889: INFO/MainProcess] mingle: searching for neighbors
[2026-03-16 15:12:28,913: INFO/MainProcess] mingle: all alone
[2026-03-16 15:12:28,956: INFO/MainProcess] celery@DESKTOP-F86RMFU ready.
[2026-03-16 15:12:30,105: INFO/MainProcess] Task modules.tasks.parse_knowledge_document_task[565bcc89-70e9-469e-8a7c-b767e4a0aa1c] received
[2026-03-16 15:12:30,105: INFO/MainProcess] 离线解析任务启动 doc_id=148 task_id=565bcc89-70e9-469e-8a7c-b767e4a0aa1c retry=0 file=D:\Qoder\测试开发平台\backend\runtime\knowledge_uploads\20260316071230_95b09fa7acb443bba148fb863c853b7b.txt
[2026-03-16 15:12:30,131: INFO/MainProcess] 离线解析开始 doc_id=148 task_id=565bcc89-70e9-469e-8a7c-b767e4a0aa1c retry=0
[2026-03-16 15:12:30,523: INFO/MainProcess] 离线解析成功 doc_id=148 task_id=565bcc89-70e9-469e-8a7c-b767e4a0aa1c
[2026-03-16 15:12:30,523: INFO/MainProcess] 离线解析任务完成 doc_id=148 task_id=565bcc89-70e9-469e-8a7c-b767e4a0aa1c result={'status': 'success', 'document_id': 148}
[2026-03-16 15:12:30,525: INFO/MainProcess] Task modules.tasks.parse_knowledge_document_task[565bcc89-70e9-469e-8a7c-b767e4a0aa1c] succeeded in 0.4220000000204891s: {'status': 'success', 'document_id': 148}
[2026-03-16 15:12:32,670: INFO/MainProcess] Task modules.tasks.parse_knowledge_document_task[b3a71056-d8de-4cc4-b640-f0ef00c13e42] received
[2026-03-16 15:12:32,670: INFO/MainProcess] 离线解析任务启动 doc_id=149 task_id=b3a71056-d8de-4cc4-b640-f0ef00c13e42 retry=0 file=D:\Qoder\测试开发平台\backend\runtime\knowledge_uploads\20260316071232_aa561bf94f68430c8abb4e8b2fa3cd09.md
[2026-03-16 15:12:32,676: INFO/MainProcess] 离线解析开始 doc_id=149 task_id=b3a71056-d8de-4cc4-b640-f0ef00c13e42 retry=0
[2026-03-16 15:12:33,040: INFO/MainProcess] 离线解析成功 doc_id=149 task_id=b3a71056-d8de-4cc4-b640-f0ef00c13e42
[2026-03-16 15:12:33,040: INFO/MainProcess] 离线解析任务完成 doc_id=149 task_id=b3a71056-d8de-4cc4-b640-f0ef00c13e42 result={'status': 'success', 'document_id': 149}
[2026-03-16 15:12:33,041: INFO/MainProcess] Task modules.tasks.parse_knowledge_document_task[b3a71056-d8de-4cc4-b640-f0ef00c13e42] succeeded in 0.375s: {'status': 'success', 'document_id': 149}
[2026-03-16 15:12:34,245: INFO/MainProcess] Task modules.tasks.parse_knowledge_document_task[f91f5916-e11a-42ae-9228-fb30129d1053] received
[2026-03-16 15:12:34,245: INFO/MainProcess] 离线解析任务启动 doc_id=150 task_id=f91f5916-e11a-42ae-9228-fb30129d1053 retry=0 file=D:\Qoder\测试开发平台\backend\runtime\knowledge_uploads\20260316071234_ff508ce64c5f42c0a732159b01238bb3.txt
[2026-03-16 15:12:34,246: INFO/MainProcess] 离线解析开始 doc_id=150 task_id=f91f5916-e11a-42ae-9228-fb30129d1053 retry=0
[2026-03-16 15:12:34,246: ERROR/MainProcess] 离线解析任务异常 doc_id=150 task_id=f91f5916-e11a-42ae-9228-fb30129d1053 retry=0/2 err=未解析到可用文本内容，请检查文件是否为空。
Traceback (most recent call last):
  File "D:\Qoder\测试开发平台\backend\modules\tasks.py", line 101, in parse_knowledge_document_task
    result = knowledge_base.parse_document_offline(
             ^^^^^^^^^^^^^^^^^^^^^^^^^^^^^^^^^^^^^^
  File "D:\Qoder\测试开发平台\backend\modules\knowledge_base.py", line 193, in parse_document_offline
    return parse_document_offline_impl(
           ^^^^^^^^^^^^^^^^^^^^^^^^^^^^
  File "D:\Qoder\测试开发平台\backend\modules\knowledge_base_components\offline_parse.py", line 189, in parse_document_offline_impl
    validate_parsed_content(content)
  File "D:\Qoder\测试开发平台\backend\modules\knowledge_base_components\offline_parse_support.py", line 70, in validate_parsed_content
    raise ValueError("未解析到可用文本内容，请检查文件是否为空。")
ValueError: 未解析到可用文本内容，请检查文件是否为空。
[2026-03-16 15:12:34,263: INFO/MainProcess] Task modules.tasks.parse_knowledge_document_task[f91f5916-e11a-42ae-9228-fb30129d1053] retry: Retry in 8s: ValueError('未解析到可用文本内容，请检查文件是否为空。')
[2026-03-16 15:12:34,265: INFO/MainProcess] Task modules.tasks.parse_knowledge_document_task[f91f5916-e11a-42ae-9228-fb30129d1053] received
[2026-03-16 15:12:42,257: INFO/MainProcess] 离线解析任务启动 doc_id=150 task_id=f91f5916-e11a-42ae-9228-fb30129d1053 retry=1 file=D:\Qoder\测试开发平台\backend\runtime\knowledge_uploads\20260316071234_ff508ce64c5f42c0a732159b01238bb3.txt
[2026-03-16 15:12:42,287: INFO/MainProcess] 离线解析开始 doc_id=150 task_id=f91f5916-e11a-42ae-9228-fb30129d1053 retry=1
[2026-03-16 15:12:42,287: ERROR/MainProcess] 离线解析任务异常 doc_id=150 task_id=f91f5916-e11a-42ae-9228-fb30129d1053 retry=1/2 err=未解析到可用文本内容，请检查文件是否为空。
Traceback (most recent call last):
  File "D:\Qoder\测试开发平台\backend\modules\tasks.py", line 101, in parse_knowledge_document_task
    result = knowledge_base.parse_document_offline(
             ^^^^^^^^^^^^^^^^^^^^^^^^^^^^^^^^^^^^^^
  File "D:\Qoder\测试开发平台\backend\modules\knowledge_base.py", line 193, in parse_document_offline
    return parse_document_offline_impl(
           ^^^^^^^^^^^^^^^^^^^^^^^^^^^^
  File "D:\Qoder\测试开发平台\backend\modules\knowledge_base_components\offline_parse.py", line 189, in parse_document_offline_impl
    validate_parsed_content(content)
  File "D:\Qoder\测试开发平台\backend\modules\knowledge_base_components\offline_parse_support.py", line 70, in validate_parsed_content
    raise ValueError("未解析到可用文本内容，请检查文件是否为空。")
ValueError: 未解析到可用文本内容，请检查文件是否为空。
[2026-03-16 15:12:42,292: INFO/MainProcess] Task modules.tasks.parse_knowledge_document_task[f91f5916-e11a-42ae-9228-fb30129d1053] received
[2026-03-16 15:12:42,292: INFO/MainProcess] Task modules.tasks.parse_knowledge_document_task[f91f5916-e11a-42ae-9228-fb30129d1053] retry: Retry in 8s: ValueError('未解析到可用文本内容，请检查文件是否为空。')
[2026-03-16 15:12:50,285: INFO/MainProcess] 离线解析任务启动 doc_id=150 task_id=f91f5916-e11a-42ae-9228-fb30129d1053 retry=2 file=D:\Qoder\测试开发平台\backend\runtime\knowledge_uploads\20260316071234_ff508ce64c5f42c0a732159b01238bb3.txt
[2026-03-16 15:12:50,297: INFO/MainProcess] 离线解析开始 doc_id=150 task_id=f91f5916-e11a-42ae-9228-fb30129d1053 retry=2
[2026-03-16 15:12:50,298: ERROR/MainProcess] 离线解析任务异常 doc_id=150 task_id=f91f5916-e11a-42ae-9228-fb30129d1053 retry=2/2 err=未解析到可用文本内容，请检查文件是否为空。
Traceback (most recent call last):
  File "D:\Qoder\测试开发平台\backend\modules\tasks.py", line 101, in parse_knowledge_document_task
    result = knowledge_base.parse_document_offline(
             ^^^^^^^^^^^^^^^^^^^^^^^^^^^^^^^^^^^^^^
  File "D:\Qoder\测试开发平台\backend\modules\knowledge_base.py", line 193, in parse_document_offline
    return parse_document_offline_impl(
           ^^^^^^^^^^^^^^^^^^^^^^^^^^^^
  File "D:\Qoder\测试开发平台\backend\modules\knowledge_base_components\offline_parse.py", line 189, in parse_document_offline_impl
    validate_parsed_content(content)
  File "D:\Qoder\测试开发平台\backend\modules\knowledge_base_components\offline_parse_support.py", line 70, in validate_parsed_content
    raise ValueError("未解析到可用文本内容，请检查文件是否为空。")
ValueError: 未解析到可用文本内容，请检查文件是否为空。
[2026-03-16 15:12:50,304: ERROR/MainProcess] Task modules.tasks.parse_knowledge_document_task[f91f5916-e11a-42ae-9228-fb30129d1053] raised unexpected: ValueError('未解析到可用文本内容，请检查文件是否为空。')
Traceback (most recent call last):
  File "C:\Users\Administrator\AppData\Roaming\Python\Python311\site-packages\celery\app\trace.py", line 479, in trace_task
    R = retval = fun(*args, **kwargs)
                 ^^^^^^^^^^^^^^^^^^^^
  File "C:\Users\Administrator\AppData\Roaming\Python\Python311\site-packages\celery\app\trace.py", line 779, in __protected_call__
    return self.run(*args, **kwargs)
           ^^^^^^^^^^^^^^^^^^^^^^^^^
  File "D:\Qoder\测试开发平台\backend\modules\tasks.py", line 170, in parse_knowledge_document_task
    raise e
  File "D:\Qoder\测试开发平台\backend\modules\tasks.py", line 101, in parse_knowledge_document_task
    result = knowledge_base.parse_document_offline(
             ^^^^^^^^^^^^^^^^^^^^^^^^^^^^^^^^^^^^^^
  File "D:\Qoder\测试开发平台\backend\modules\knowledge_base.py", line 193, in parse_document_offline
    return parse_document_offline_impl(
           ^^^^^^^^^^^^^^^^^^^^^^^^^^^^
  File "D:\Qoder\测试开发平台\backend\modules\knowledge_base_components\offline_parse.py", line 189, in parse_document_offline_impl
    validate_parsed_content(content)
  File "D:\Qoder\测试开发平台\backend\modules\knowledge_base_components\offline_parse_support.py", line 70, in validate_parsed_content
    raise ValueError("未解析到可用文本内容，请检查文件是否为空。")
ValueError: 未解析到可用文本内容，请检查文件是否为空。
[2026-03-16 15:12:51,170: INFO/MainProcess] Task modules.tasks.parse_knowledge_document_task[d2776793-15e3-4602-8535-a02ac901aa86] received
[2026-03-16 15:12:51,170: INFO/MainProcess] 离线解析任务启动 doc_id=151 task_id=d2776793-15e3-4602-8535-a02ac901aa86 retry=0 file=D:\Qoder\测试开发平台\backend\runtime\knowledge_uploads\20260316071251_aa1919db4f964cb58a526a6319ffd52c.xyz
[2026-03-16 15:12:51,175: INFO/MainProcess] 离线解析开始 doc_id=151 task_id=d2776793-15e3-4602-8535-a02ac901aa86 retry=0
[2026-03-16 15:12:51,175: ERROR/MainProcess] 离线解析任务异常 doc_id=151 task_id=d2776793-15e3-4602-8535-a02ac901aa86 retry=0/2 err=文件解析失败：[Unsupported file type: 20260316071251_aa1919db4f964cb58a526a6319ffd52c.xyz]
Traceback (most recent call last):
  File "D:\Qoder\测试开发平台\backend\modules\tasks.py", line 101, in parse_knowledge_document_task
    result = knowledge_base.parse_document_offline(
             ^^^^^^^^^^^^^^^^^^^^^^^^^^^^^^^^^^^^^^
  File "D:\Qoder\测试开发平台\backend\modules\knowledge_base.py", line 193, in parse_document_offline
    return parse_document_offline_impl(
           ^^^^^^^^^^^^^^^^^^^^^^^^^^^^
  File "D:\Qoder\测试开发平台\backend\modules\knowledge_base_components\offline_parse.py", line 189, in parse_document_offline_impl
    validate_parsed_content(content)
  File "D:\Qoder\测试开发平台\backend\modules\knowledge_base_components\offline_parse_support.py", line 74, in validate_parsed_content
    raise ValueError(f"文件解析失败：{normalized[:180]}")
ValueError: 文件解析失败：[Unsupported file type: 20260316071251_aa1919db4f964cb58a526a6319ffd52c.xyz]
[2026-03-16 15:12:51,183: INFO/MainProcess] Task modules.tasks.parse_knowledge_document_task[d2776793-15e3-4602-8535-a02ac901aa86] retry: Retry in 8s: ValueError('文件解析失败：[Unsupported file type: 20260316071251_aa1919db4f964cb58a526a6319ffd52c.xyz]')
[2026-03-16 15:12:51,184: INFO/MainProcess] Task modules.tasks.parse_knowledge_document_task[d2776793-15e3-4602-8535-a02ac901aa86] received
[2026-03-16 15:12:59,184: INFO/MainProcess] 离线解析任务启动 doc_id=151 task_id=d2776793-15e3-4602-8535-a02ac901aa86 retry=1 file=D:\Qoder\测试开发平台\backend\runtime\knowledge_uploads\20260316071251_aa1919db4f964cb58a526a6319ffd52c.xyz
[2026-03-16 15:12:59,196: INFO/MainProcess] 离线解析开始 doc_id=151 task_id=d2776793-15e3-4602-8535-a02ac901aa86 retry=1
[2026-03-16 15:12:59,196: ERROR/MainProcess] 离线解析任务异常 doc_id=151 task_id=d2776793-15e3-4602-8535-a02ac901aa86 retry=1/2 err=文件解析失败：[Unsupported file type: 20260316071251_aa1919db4f964cb58a526a6319ffd52c.xyz]
Traceback (most recent call last):
  File "D:\Qoder\测试开发平台\backend\modules\tasks.py", line 101, in parse_knowledge_document_task
    result = knowledge_base.parse_document_offline(
             ^^^^^^^^^^^^^^^^^^^^^^^^^^^^^^^^^^^^^^
  File "D:\Qoder\测试开发平台\backend\modules\knowledge_base.py", line 193, in parse_document_offline
    return parse_document_offline_impl(
           ^^^^^^^^^^^^^^^^^^^^^^^^^^^^
  File "D:\Qoder\测试开发平台\backend\modules\knowledge_base_components\offline_parse.py", line 189, in parse_document_offline_impl
    validate_parsed_content(content)
  File "D:\Qoder\测试开发平台\backend\modules\knowledge_base_components\offline_parse_support.py", line 74, in validate_parsed_content
    raise ValueError(f"文件解析失败：{normalized[:180]}")
ValueError: 文件解析失败：[Unsupported file type: 20260316071251_aa1919db4f964cb58a526a6319ffd52c.xyz]
[2026-03-16 15:12:59,205: INFO/MainProcess] Task modules.tasks.parse_knowledge_document_task[d2776793-15e3-4602-8535-a02ac901aa86] received
[2026-03-16 15:12:59,206: INFO/MainProcess] Task modules.tasks.parse_knowledge_document_task[d2776793-15e3-4602-8535-a02ac901aa86] retry: Retry in 8s: ValueError('文件解析失败：[Unsupported file type: 20260316071251_aa1919db4f964cb58a526a6319ffd52c.xyz]')
[2026-03-16 15:13:07,212: INFO/MainProcess] 离线解析任务启动 doc_id=151 task_id=d2776793-15e3-4602-8535-a02ac901aa86 retry=2 file=D:\Qoder\测试开发平台\backend\runtime\knowledge_uploads\20260316071251_aa1919db4f964cb58a526a6319ffd52c.xyz
[2026-03-16 15:13:07,222: INFO/MainProcess] 离线解析开始 doc_id=151 task_id=d2776793-15e3-4602-8535-a02ac901aa86 retry=2
[2026-03-16 15:13:07,222: ERROR/MainProcess] 离线解析任务异常 doc_id=151 task_id=d2776793-15e3-4602-8535-a02ac901aa86 retry=2/2 err=文件解析失败：[Unsupported file type: 20260316071251_aa1919db4f964cb58a526a6319ffd52c.xyz]
Traceback (most recent call last):
  File "D:\Qoder\测试开发平台\backend\modules\tasks.py", line 101, in parse_knowledge_document_task
    result = knowledge_base.parse_document_offline(
             ^^^^^^^^^^^^^^^^^^^^^^^^^^^^^^^^^^^^^^
  File "D:\Qoder\测试开发平台\backend\modules\knowledge_base.py", line 193, in parse_document_offline
    return parse_document_offline_impl(
           ^^^^^^^^^^^^^^^^^^^^^^^^^^^^
  File "D:\Qoder\测试开发平台\backend\modules\knowledge_base_components\offline_parse.py", line 189, in parse_document_offline_impl
    validate_parsed_content(content)
  File "D:\Qoder\测试开发平台\backend\modules\knowledge_base_components\offline_parse_support.py", line 74, in validate_parsed_content
    raise ValueError(f"文件解析失败：{normalized[:180]}")
ValueError: 文件解析失败：[Unsupported file type: 20260316071251_aa1919db4f964cb58a526a6319ffd52c.xyz]
[2026-03-16 15:13:07,232: ERROR/MainProcess] Task modules.tasks.parse_knowledge_document_task[d2776793-15e3-4602-8535-a02ac901aa86] raised unexpected: ValueError('文件解析失败：[Unsupported file type: 20260316071251_aa1919db4f964cb58a526a6319ffd52c.xyz]')
Traceback (most recent call last):
  File "C:\Users\Administrator\AppData\Roaming\Python\Python311\site-packages\celery\app\trace.py", line 479, in trace_task
    R = retval = fun(*args, **kwargs)
                 ^^^^^^^^^^^^^^^^^^^^
  File "C:\Users\Administrator\AppData\Roaming\Python\Python311\site-packages\celery\app\trace.py", line 779, in __protected_call__
    return self.run(*args, **kwargs)
           ^^^^^^^^^^^^^^^^^^^^^^^^^
  File "D:\Qoder\测试开发平台\backend\modules\tasks.py", line 170, in parse_knowledge_document_task
    raise e
  File "D:\Qoder\测试开发平台\backend\modules\tasks.py", line 101, in parse_knowledge_document_task
    result = knowledge_base.parse_document_offline(
             ^^^^^^^^^^^^^^^^^^^^^^^^^^^^^^^^^^^^^^
  File "D:\Qoder\测试开发平台\backend\modules\knowledge_base.py", line 193, in parse_document_offline
    return parse_document_offline_impl(
           ^^^^^^^^^^^^^^^^^^^^^^^^^^^^
  File "D:\Qoder\测试开发平台\backend\modules\knowledge_base_components\offline_parse.py", line 189, in parse_document_offline_impl
    validate_parsed_content(content)
  File "D:\Qoder\测试开发平台\backend\modules\knowledge_base_components\offline_parse_support.py", line 74, in validate_parsed_content
    raise ValueError(f"文件解析失败：{normalized[:180]}")
ValueError: 文件解析失败：[Unsupported file type: 20260316071251_aa1919db4f964cb58a526a6319ffd52c.xyz]
[2026-03-16 15:13:08,136: INFO/MainProcess] Task modules.tasks.parse_knowledge_document_task[6abc2857-fc7a-49ab-8c0d-30cd25179204] received
[2026-03-16 15:13:08,136: INFO/MainProcess] 离线解析任务启动 doc_id=152 task_id=6abc2857-fc7a-49ab-8c0d-30cd25179204 retry=0 file=D:\Qoder\测试开发平台\backend\runtime\knowledge_uploads\20260316071308_b297ce0e779e4b41bc5753c4bb8c5b4f.pdf
[2026-03-16 15:13:08,140: INFO/MainProcess] 离线解析开始 doc_id=152 task_id=6abc2857-fc7a-49ab-8c0d-30cd25179204 retry=0
[2026-03-16 15:13:08,140: ERROR/MainProcess] 离线解析任务异常 doc_id=152 task_id=6abc2857-fc7a-49ab-8c0d-30cd25179204 retry=0/2 err=文件解析失败：[Error parsing file: startxref not found]
Traceback (most recent call last):
  File "D:\Qoder\测试开发平台\backend\modules\tasks.py", line 101, in parse_knowledge_document_task
    result = knowledge_base.parse_document_offline(
             ^^^^^^^^^^^^^^^^^^^^^^^^^^^^^^^^^^^^^^
  File "D:\Qoder\测试开发平台\backend\modules\knowledge_base.py", line 193, in parse_document_offline
    return parse_document_offline_impl(
           ^^^^^^^^^^^^^^^^^^^^^^^^^^^^
  File "D:\Qoder\测试开发平台\backend\modules\knowledge_base_components\offline_parse.py", line 189, in parse_document_offline_impl
    validate_parsed_content(content)
  File "D:\Qoder\测试开发平台\backend\modules\knowledge_base_components\offline_parse_support.py", line 74, in validate_parsed_content
    raise ValueError(f"文件解析失败：{normalized[:180]}")
ValueError: 文件解析失败：[Error parsing file: startxref not found]
[2026-03-16 15:13:08,146: INFO/MainProcess] Task modules.tasks.parse_knowledge_document_task[6abc2857-fc7a-49ab-8c0d-30cd25179204] retry: Retry in 8s: ValueError('文件解析失败：[Error parsing file: startxref not found]')
[2026-03-16 15:13:08,148: INFO/MainProcess] Task modules.tasks.parse_knowledge_document_task[6abc2857-fc7a-49ab-8c0d-30cd25179204] received
[2026-03-16 15:13:16,144: INFO/MainProcess] 离线解析任务启动 doc_id=152 task_id=6abc2857-fc7a-49ab-8c0d-30cd25179204 retry=1 file=D:\Qoder\测试开发平台\backend\runtime\knowledge_uploads\20260316071308_b297ce0e779e4b41bc5753c4bb8c5b4f.pdf
[2026-03-16 15:13:16,159: INFO/MainProcess] 离线解析开始 doc_id=152 task_id=6abc2857-fc7a-49ab-8c0d-30cd25179204 retry=1
[2026-03-16 15:13:16,159: ERROR/MainProcess] 离线解析任务异常 doc_id=152 task_id=6abc2857-fc7a-49ab-8c0d-30cd25179204 retry=1/2 err=文件解析失败：[Error parsing file: startxref not found]
Traceback (most recent call last):
  File "D:\Qoder\测试开发平台\backend\modules\tasks.py", line 101, in parse_knowledge_document_task
    result = knowledge_base.parse_document_offline(
             ^^^^^^^^^^^^^^^^^^^^^^^^^^^^^^^^^^^^^^
  File "D:\Qoder\测试开发平台\backend\modules\knowledge_base.py", line 193, in parse_document_offline
    return parse_document_offline_impl(
           ^^^^^^^^^^^^^^^^^^^^^^^^^^^^
  File "D:\Qoder\测试开发平台\backend\modules\knowledge_base_components\offline_parse.py", line 189, in parse_document_offline_impl
    validate_parsed_content(content)
  File "D:\Qoder\测试开发平台\backend\modules\knowledge_base_components\offline_parse_support.py", line 74, in validate_parsed_content
    raise ValueError(f"文件解析失败：{normalized[:180]}")
ValueError: 文件解析失败：[Error parsing file: startxref not found]
[2026-03-16 15:13:16,165: INFO/MainProcess] Task modules.tasks.parse_knowledge_document_task[6abc2857-fc7a-49ab-8c0d-30cd25179204] received
[2026-03-16 15:13:16,167: INFO/MainProcess] Task modules.tasks.parse_knowledge_document_task[6abc2857-fc7a-49ab-8c0d-30cd25179204] retry: Retry in 8s: ValueError('文件解析失败：[Error parsing file: startxref not found]')
[2026-03-16 15:13:24,169: INFO/MainProcess] 离线解析任务启动 doc_id=152 task_id=6abc2857-fc7a-49ab-8c0d-30cd25179204 retry=2 file=D:\Qoder\测试开发平台\backend\runtime\knowledge_uploads\20260316071308_b297ce0e779e4b41bc5753c4bb8c5b4f.pdf
[2026-03-16 15:13:24,190: INFO/MainProcess] 离线解析开始 doc_id=152 task_id=6abc2857-fc7a-49ab-8c0d-30cd25179204 retry=2
[2026-03-16 15:13:24,190: ERROR/MainProcess] 离线解析任务异常 doc_id=152 task_id=6abc2857-fc7a-49ab-8c0d-30cd25179204 retry=2/2 err=文件解析失败：[Error parsing file: startxref not found]
Traceback (most recent call last):
  File "D:\Qoder\测试开发平台\backend\modules\tasks.py", line 101, in parse_knowledge_document_task
    result = knowledge_base.parse_document_offline(
             ^^^^^^^^^^^^^^^^^^^^^^^^^^^^^^^^^^^^^^
  File "D:\Qoder\测试开发平台\backend\modules\knowledge_base.py", line 193, in parse_document_offline
    return parse_document_offline_impl(
           ^^^^^^^^^^^^^^^^^^^^^^^^^^^^
  File "D:\Qoder\测试开发平台\backend\modules\knowledge_base_components\offline_parse.py", line 189, in parse_document_offline_impl
    validate_parsed_content(content)
  File "D:\Qoder\测试开发平台\backend\modules\knowledge_base_components\offline_parse_support.py", line 74, in validate_parsed_content
    raise ValueError(f"文件解析失败：{normalized[:180]}")
ValueError: 文件解析失败：[Error parsing file: startxref not found]
[2026-03-16 15:13:24,197: ERROR/MainProcess] Task modules.tasks.parse_knowledge_document_task[6abc2857-fc7a-49ab-8c0d-30cd25179204] raised unexpected: ValueError('文件解析失败：[Error parsing file: startxref not found]')
Traceback (most recent call last):
  File "C:\Users\Administrator\AppData\Roaming\Python\Python311\site-packages\celery\app\trace.py", line 479, in trace_task
    R = retval = fun(*args, **kwargs)
                 ^^^^^^^^^^^^^^^^^^^^
  File "C:\Users\Administrator\AppData\Roaming\Python\Python311\site-packages\celery\app\trace.py", line 779, in __protected_call__
    return self.run(*args, **kwargs)
           ^^^^^^^^^^^^^^^^^^^^^^^^^
  File "D:\Qoder\测试开发平台\backend\modules\tasks.py", line 170, in parse_knowledge_document_task
    raise e
  File "D:\Qoder\测试开发平台\backend\modules\tasks.py", line 101, in parse_knowledge_document_task
    result = knowledge_base.parse_document_offline(
             ^^^^^^^^^^^^^^^^^^^^^^^^^^^^^^^^^^^^^^
  File "D:\Qoder\测试开发平台\backend\modules\knowledge_base.py", line 193, in parse_document_offline
    return parse_document_offline_impl(
           ^^^^^^^^^^^^^^^^^^^^^^^^^^^^
  File "D:\Qoder\测试开发平台\backend\modules\knowledge_base_components\offline_parse.py", line 189, in parse_document_offline_impl
    validate_parsed_content(content)
  File "D:\Qoder\测试开发平台\backend\modules\knowledge_base_components\offline_parse_support.py", line 74, in validate_parsed_content
    raise ValueError(f"文件解析失败：{normalized[:180]}")
ValueError: 文件解析失败：[Error parsing file: startxref not found]
[2026-03-16 15:13:25,050: INFO/MainProcess] Task modules.tasks.parse_knowledge_document_task[6c25d9a3-667f-4f09-bf85-5acc65cf3105] received
[2026-03-16 15:13:25,050: INFO/MainProcess] 离线解析任务启动 doc_id=153 task_id=6c25d9a3-667f-4f09-bf85-5acc65cf3105 retry=0 file=D:\Qoder\测试开发平台\backend\runtime\knowledge_uploads\20260316071325_bbb9b9baed0b408aae8d5c3dc36bf7c4.txt
[2026-03-16 15:13:25,053: INFO/MainProcess] 离线解析开始 doc_id=153 task_id=6c25d9a3-667f-4f09-bf85-5acc65cf3105 retry=0
[2026-03-16 15:13:25,053: ERROR/MainProcess] 离线解析任务异常 doc_id=153 task_id=6c25d9a3-667f-4f09-bf85-5acc65cf3105 retry=0/2 err=离线解析注入失败：fail_once
Traceback (most recent call last):
  File "D:\Qoder\测试开发平台\backend\modules\tasks.py", line 101, in parse_knowledge_document_task
    result = knowledge_base.parse_document_offline(
             ^^^^^^^^^^^^^^^^^^^^^^^^^^^^^^^^^^^^^^
  File "D:\Qoder\测试开发平台\backend\modules\knowledge_base.py", line 193, in parse_document_offline
    return parse_document_offline_impl(
           ^^^^^^^^^^^^^^^^^^^^^^^^^^^^
  File "D:\Qoder\测试开发平台\backend\modules\knowledge_base_components\offline_parse.py", line 186, in parse_document_offline_impl
    raise RuntimeError("离线解析注入失败：fail_once")
RuntimeError: 离线解析注入失败：fail_once
[2026-03-16 15:13:25,062: INFO/MainProcess] Task modules.tasks.parse_knowledge_document_task[6c25d9a3-667f-4f09-bf85-5acc65cf3105] retry: Retry in 8s: RuntimeError('离线解析注入失败：fail_once')
[2026-03-16 15:13:25,065: INFO/MainProcess] Task modules.tasks.parse_knowledge_document_task[6c25d9a3-667f-4f09-bf85-5acc65cf3105] received
[2026-03-16 15:13:33,065: INFO/MainProcess] 离线解析任务启动 doc_id=153 task_id=6c25d9a3-667f-4f09-bf85-5acc65cf3105 retry=1 file=D:\Qoder\测试开发平台\backend\runtime\knowledge_uploads\20260316071325_bbb9b9baed0b408aae8d5c3dc36bf7c4.txt
[2026-03-16 15:13:33,070: INFO/MainProcess] 离线解析开始 doc_id=153 task_id=6c25d9a3-667f-4f09-bf85-5acc65cf3105 retry=1
[2026-03-16 15:13:33,436: INFO/MainProcess] 离线解析成功 doc_id=153 task_id=6c25d9a3-667f-4f09-bf85-5acc65cf3105
[2026-03-16 15:13:33,436: INFO/MainProcess] 离线解析任务完成 doc_id=153 task_id=6c25d9a3-667f-4f09-bf85-5acc65cf3105 result={'status': 'success', 'document_id': 153}
[2026-03-16 15:13:33,437: INFO/MainProcess] Task modules.tasks.parse_knowledge_document_task[6c25d9a3-667f-4f09-bf85-5acc65cf3105] succeeded in 0.3600000000442378s: {'status': 'success', 'document_id': 153}
[2026-03-16 15:13:33,872: INFO/MainProcess] Task modules.tasks.parse_knowledge_document_task[6c810b4a-cb73-43b6-92a4-531705c69e0a] received
[2026-03-16 15:13:33,872: INFO/MainProcess] 离线解析任务启动 doc_id=154 task_id=6c810b4a-cb73-43b6-92a4-531705c69e0a retry=0 file=D:\Qoder\测试开发平台\backend\runtime\knowledge_uploads\20260316071333_b6367210dada4e0889c6b9c539b48a40.txt
[2026-03-16 15:13:33,877: INFO/MainProcess] 离线解析开始 doc_id=154 task_id=6c810b4a-cb73-43b6-92a4-531705c69e0a retry=0
[2026-03-16 15:13:33,882: ERROR/MainProcess] 离线解析任务异常 doc_id=154 task_id=6c810b4a-cb73-43b6-92a4-531705c69e0a retry=0/2 err=离线解析注入失败：summary_fail
Traceback (most recent call last):
  File "D:\Qoder\测试开发平台\backend\modules\tasks.py", line 101, in parse_knowledge_document_task
    result = knowledge_base.parse_document_offline(
             ^^^^^^^^^^^^^^^^^^^^^^^^^^^^^^^^^^^^^^
  File "D:\Qoder\测试开发平台\backend\modules\knowledge_base.py", line 193, in parse_document_offline
    return parse_document_offline_impl(
           ^^^^^^^^^^^^^^^^^^^^^^^^^^^^
  File "D:\Qoder\测试开发平台\backend\modules\knowledge_base_components\offline_parse.py", line 222, in parse_document_offline_impl
    raise RuntimeError("离线解析注入失败：summary_fail")
RuntimeError: 离线解析注入失败：summary_fail
[2026-03-16 15:13:33,888: INFO/MainProcess] Task modules.tasks.parse_knowledge_document_task[6c810b4a-cb73-43b6-92a4-531705c69e0a] retry: Retry in 8s: RuntimeError('离线解析注入失败：summary_fail')
[2026-03-16 15:13:33,890: INFO/MainProcess] Task modules.tasks.parse_knowledge_document_task[6c810b4a-cb73-43b6-92a4-531705c69e0a] received
[2026-03-16 15:13:41,882: INFO/MainProcess] 离线解析任务启动 doc_id=154 task_id=6c810b4a-cb73-43b6-92a4-531705c69e0a retry=1 file=D:\Qoder\测试开发平台\backend\runtime\knowledge_uploads\20260316071333_b6367210dada4e0889c6b9c539b48a40.txt
[2026-03-16 15:13:41,896: INFO/MainProcess] 离线解析开始 doc_id=154 task_id=6c810b4a-cb73-43b6-92a4-531705c69e0a retry=1
[2026-03-16 15:13:41,899: ERROR/MainProcess] 离线解析任务异常 doc_id=154 task_id=6c810b4a-cb73-43b6-92a4-531705c69e0a retry=1/2 err=离线解析注入失败：summary_fail
Traceback (most recent call last):
  File "D:\Qoder\测试开发平台\backend\modules\tasks.py", line 101, in parse_knowledge_document_task
    result = knowledge_base.parse_document_offline(
             ^^^^^^^^^^^^^^^^^^^^^^^^^^^^^^^^^^^^^^
  File "D:\Qoder\测试开发平台\backend\modules\knowledge_base.py", line 193, in parse_document_offline
    return parse_document_offline_impl(
           ^^^^^^^^^^^^^^^^^^^^^^^^^^^^
  File "D:\Qoder\测试开发平台\backend\modules\knowledge_base_components\offline_parse.py", line 222, in parse_document_offline_impl
    raise RuntimeError("离线解析注入失败：summary_fail")
RuntimeError: 离线解析注入失败：summary_fail
[2026-03-16 15:13:41,904: INFO/MainProcess] Task modules.tasks.parse_knowledge_document_task[6c810b4a-cb73-43b6-92a4-531705c69e0a] received
[2026-03-16 15:13:41,907: INFO/MainProcess] Task modules.tasks.parse_knowledge_document_task[6c810b4a-cb73-43b6-92a4-531705c69e0a] retry: Retry in 8s: RuntimeError('离线解析注入失败：summary_fail')
[2026-03-16 15:13:49,896: INFO/MainProcess] 离线解析任务启动 doc_id=154 task_id=6c810b4a-cb73-43b6-92a4-531705c69e0a retry=2 file=D:\Qoder\测试开发平台\backend\runtime\knowledge_uploads\20260316071333_b6367210dada4e0889c6b9c539b48a40.txt
[2026-03-16 15:13:49,911: INFO/MainProcess] 离线解析开始 doc_id=154 task_id=6c810b4a-cb73-43b6-92a4-531705c69e0a retry=2
[2026-03-16 15:13:49,912: ERROR/MainProcess] 离线解析任务异常 doc_id=154 task_id=6c810b4a-cb73-43b6-92a4-531705c69e0a retry=2/2 err=离线解析注入失败：summary_fail
Traceback (most recent call last):
  File "D:\Qoder\测试开发平台\backend\modules\tasks.py", line 101, in parse_knowledge_document_task
    result = knowledge_base.parse_document_offline(
             ^^^^^^^^^^^^^^^^^^^^^^^^^^^^^^^^^^^^^^
  File "D:\Qoder\测试开发平台\backend\modules\knowledge_base.py", line 193, in parse_document_offline
    return parse_document_offline_impl(
           ^^^^^^^^^^^^^^^^^^^^^^^^^^^^
  File "D:\Qoder\测试开发平台\backend\modules\knowledge_base_components\offline_parse.py", line 222, in parse_document_offline_impl
    raise RuntimeError("离线解析注入失败：summary_fail")
RuntimeError: 离线解析注入失败：summary_fail
[2026-03-16 15:13:49,921: ERROR/MainProcess] Task modules.tasks.parse_knowledge_document_task[6c810b4a-cb73-43b6-92a4-531705c69e0a] raised unexpected: RuntimeError('离线解析注入失败：summary_fail')
Traceback (most recent call last):
  File "C:\Users\Administrator\AppData\Roaming\Python\Python311\site-packages\celery\app\trace.py", line 479, in trace_task
    R = retval = fun(*args, **kwargs)
                 ^^^^^^^^^^^^^^^^^^^^
  File "C:\Users\Administrator\AppData\Roaming\Python\Python311\site-packages\celery\app\trace.py", line 779, in __protected_call__
    return self.run(*args, **kwargs)
           ^^^^^^^^^^^^^^^^^^^^^^^^^
  File "D:\Qoder\测试开发平台\backend\modules\tasks.py", line 170, in parse_knowledge_document_task
    raise e
  File "D:\Qoder\测试开发平台\backend\modules\tasks.py", line 101, in parse_knowledge_document_task
    result = knowledge_base.parse_document_offline(
             ^^^^^^^^^^^^^^^^^^^^^^^^^^^^^^^^^^^^^^
  File "D:\Qoder\测试开发平台\backend\modules\knowledge_base.py", line 193, in parse_document_offline
    return parse_document_offline_impl(
           ^^^^^^^^^^^^^^^^^^^^^^^^^^^^
  File "D:\Qoder\测试开发平台\backend\modules\knowledge_base_components\offline_parse.py", line 222, in parse_document_offline_impl
    raise RuntimeError("离线解析注入失败：summary_fail")
RuntimeError: 离线解析注入失败：summary_fail
[2026-03-16 15:13:50,787: INFO/MainProcess] Task modules.tasks.parse_knowledge_document_task[667f8467-7f56-4a36-aaf0-79322ede7e11] received
[2026-03-16 15:13:50,787: INFO/MainProcess] 离线解析任务启动 doc_id=155 task_id=667f8467-7f56-4a36-aaf0-79322ede7e11 retry=0 file=D:\Qoder\测试开发平台\backend\runtime\knowledge_uploads\20260316071350_909892ab05de486b9e8d997d3d749409.txt
[2026-03-16 15:13:50,794: INFO/MainProcess] 离线解析开始 doc_id=155 task_id=667f8467-7f56-4a36-aaf0-79322ede7e11 retry=0
[2026-03-16 15:13:50,803: ERROR/MainProcess] 离线解析任务异常 doc_id=155 task_id=667f8467-7f56-4a36-aaf0-79322ede7e11 retry=0/2 err=离线解析注入失败：chroma_fail
Traceback (most recent call last):
  File "D:\Qoder\测试开发平台\backend\modules\tasks.py", line 101, in parse_knowledge_document_task
    result = knowledge_base.parse_document_offline(
             ^^^^^^^^^^^^^^^^^^^^^^^^^^^^^^^^^^^^^^
  File "D:\Qoder\测试开发平台\backend\modules\knowledge_base.py", line 193, in parse_document_offline
    return parse_document_offline_impl(
           ^^^^^^^^^^^^^^^^^^^^^^^^^^^^
  File "D:\Qoder\测试开发平台\backend\modules\knowledge_base_components\offline_parse.py", line 232, in parse_document_offline_impl
    raise RuntimeError("离线解析注入失败：chroma_fail")
RuntimeError: 离线解析注入失败：chroma_fail
[2026-03-16 15:13:50,812: INFO/MainProcess] Task modules.tasks.parse_knowledge_document_task[667f8467-7f56-4a36-aaf0-79322ede7e11] retry: Retry in 8s: RuntimeError('离线解析注入失败：chroma_fail')
[2026-03-16 15:13:50,812: INFO/MainProcess] Task modules.tasks.parse_knowledge_document_task[667f8467-7f56-4a36-aaf0-79322ede7e11] received
[2026-03-16 15:13:58,799: INFO/MainProcess] 离线解析任务启动 doc_id=155 task_id=667f8467-7f56-4a36-aaf0-79322ede7e11 retry=1 file=D:\Qoder\测试开发平台\backend\runtime\knowledge_uploads\20260316071350_909892ab05de486b9e8d997d3d749409.txt
[2026-03-16 15:13:58,802: INFO/MainProcess] 离线解析开始 doc_id=155 task_id=667f8467-7f56-4a36-aaf0-79322ede7e11 retry=1
[2026-03-16 15:13:58,808: ERROR/MainProcess] 离线解析任务异常 doc_id=155 task_id=667f8467-7f56-4a36-aaf0-79322ede7e11 retry=1/2 err=离线解析注入失败：chroma_fail
Traceback (most recent call last):
  File "D:\Qoder\测试开发平台\backend\modules\tasks.py", line 101, in parse_knowledge_document_task
    result = knowledge_base.parse_document_offline(
             ^^^^^^^^^^^^^^^^^^^^^^^^^^^^^^^^^^^^^^
  File "D:\Qoder\测试开发平台\backend\modules\knowledge_base.py", line 193, in parse_document_offline
    return parse_document_offline_impl(
           ^^^^^^^^^^^^^^^^^^^^^^^^^^^^
  File "D:\Qoder\测试开发平台\backend\modules\knowledge_base_components\offline_parse.py", line 232, in parse_document_offline_impl
    raise RuntimeError("离线解析注入失败：chroma_fail")
RuntimeError: 离线解析注入失败：chroma_fail
[2026-03-16 15:13:58,811: INFO/MainProcess] Task modules.tasks.parse_knowledge_document_task[667f8467-7f56-4a36-aaf0-79322ede7e11] received
[2026-03-16 15:13:58,816: INFO/MainProcess] Task modules.tasks.parse_knowledge_document_task[667f8467-7f56-4a36-aaf0-79322ede7e11] retry: Retry in 8s: RuntimeError('离线解析注入失败：chroma_fail')
[2026-03-16 15:14:06,809: INFO/MainProcess] 离线解析任务启动 doc_id=155 task_id=667f8467-7f56-4a36-aaf0-79322ede7e11 retry=2 file=D:\Qoder\测试开发平台\backend\runtime\knowledge_uploads\20260316071350_909892ab05de486b9e8d997d3d749409.txt
[2026-03-16 15:14:06,822: INFO/MainProcess] 离线解析开始 doc_id=155 task_id=667f8467-7f56-4a36-aaf0-79322ede7e11 retry=2
[2026-03-16 15:14:06,825: ERROR/MainProcess] 离线解析任务异常 doc_id=155 task_id=667f8467-7f56-4a36-aaf0-79322ede7e11 retry=2/2 err=离线解析注入失败：chroma_fail
Traceback (most recent call last):
  File "D:\Qoder\测试开发平台\backend\modules\tasks.py", line 101, in parse_knowledge_document_task
    result = knowledge_base.parse_document_offline(
             ^^^^^^^^^^^^^^^^^^^^^^^^^^^^^^^^^^^^^^
  File "D:\Qoder\测试开发平台\backend\modules\knowledge_base.py", line 193, in parse_document_offline
    return parse_document_offline_impl(
           ^^^^^^^^^^^^^^^^^^^^^^^^^^^^
  File "D:\Qoder\测试开发平台\backend\modules\knowledge_base_components\offline_parse.py", line 232, in parse_document_offline_impl
    raise RuntimeError("离线解析注入失败：chroma_fail")
RuntimeError: 离线解析注入失败：chroma_fail
[2026-03-16 15:14:06,831: ERROR/MainProcess] Task modules.tasks.parse_knowledge_document_task[667f8467-7f56-4a36-aaf0-79322ede7e11] raised unexpected: RuntimeError('离线解析注入失败：chroma_fail')
Traceback (most recent call last):
  File "C:\Users\Administrator\AppData\Roaming\Python\Python311\site-packages\celery\app\trace.py", line 479, in trace_task
    R = retval = fun(*args, **kwargs)
                 ^^^^^^^^^^^^^^^^^^^^
  File "C:\Users\Administrator\AppData\Roaming\Python\Python311\site-packages\celery\app\trace.py", line 779, in __protected_call__
    return self.run(*args, **kwargs)
           ^^^^^^^^^^^^^^^^^^^^^^^^^
  File "D:\Qoder\测试开发平台\backend\modules\tasks.py", line 170, in parse_knowledge_document_task
    raise e
  File "D:\Qoder\测试开发平台\backend\modules\tasks.py", line 101, in parse_knowledge_document_task
    result = knowledge_base.parse_document_offline(
             ^^^^^^^^^^^^^^^^^^^^^^^^^^^^^^^^^^^^^^
  File "D:\Qoder\测试开发平台\backend\modules\knowledge_base.py", line 193, in parse_document_offline
    return parse_document_offline_impl(
           ^^^^^^^^^^^^^^^^^^^^^^^^^^^^
  File "D:\Qoder\测试开发平台\backend\modules\knowledge_base_components\offline_parse.py", line 232, in parse_document_offline_impl
    raise RuntimeError("离线解析注入失败：chroma_fail")
RuntimeError: 离线解析注入失败：chroma_fail
[2026-03-16 15:14:07,717: INFO/MainProcess] Task modules.tasks.parse_knowledge_document_task[74b0205f-66f4-40c3-b696-9afa940e8c59] received
[2026-03-16 15:14:07,717: INFO/MainProcess] 离线解析任务启动 doc_id=156 task_id=74b0205f-66f4-40c3-b696-9afa940e8c59 retry=0 file=D:\Qoder\测试开发平台\backend\runtime\knowledge_uploads\20260316071407_a563582b7307483695cee6f5e5ba6566.txt
[2026-03-16 15:14:07,720: INFO/MainProcess] 离线解析开始 doc_id=156 task_id=74b0205f-66f4-40c3-b696-9afa940e8c59 retry=0
[2026-03-16 15:14:07,720: ERROR/MainProcess] 离线解析任务异常 doc_id=156 task_id=74b0205f-66f4-40c3-b696-9afa940e8c59 retry=0/2 err=离线解析注入失败：runtime_fail
Traceback (most recent call last):
  File "D:\Qoder\测试开发平台\backend\modules\tasks.py", line 101, in parse_knowledge_document_task
    result = knowledge_base.parse_document_offline(
             ^^^^^^^^^^^^^^^^^^^^^^^^^^^^^^^^^^^^^^
  File "D:\Qoder\测试开发平台\backend\modules\knowledge_base.py", line 193, in parse_document_offline
    return parse_document_offline_impl(
           ^^^^^^^^^^^^^^^^^^^^^^^^^^^^
  File "D:\Qoder\测试开发平台\backend\modules\knowledge_base_components\offline_parse.py", line 184, in parse_document_offline_impl
    raise RuntimeError("离线解析注入失败：runtime_fail")
RuntimeError: 离线解析注入失败：runtime_fail
[2026-03-16 15:14:07,728: INFO/MainProcess] Task modules.tasks.parse_knowledge_document_task[74b0205f-66f4-40c3-b696-9afa940e8c59] retry: Retry in 8s: RuntimeError('离线解析注入失败：runtime_fail')
[2026-03-16 15:14:07,730: INFO/MainProcess] Task modules.tasks.parse_knowledge_document_task[74b0205f-66f4-40c3-b696-9afa940e8c59] received
[2026-03-16 15:14:15,728: INFO/MainProcess] 离线解析任务启动 doc_id=156 task_id=74b0205f-66f4-40c3-b696-9afa940e8c59 retry=1 file=D:\Qoder\测试开发平台\backend\runtime\knowledge_uploads\20260316071407_a563582b7307483695cee6f5e5ba6566.txt
[2026-03-16 15:14:15,740: INFO/MainProcess] 离线解析开始 doc_id=156 task_id=74b0205f-66f4-40c3-b696-9afa940e8c59 retry=1
[2026-03-16 15:14:15,740: ERROR/MainProcess] 离线解析任务异常 doc_id=156 task_id=74b0205f-66f4-40c3-b696-9afa940e8c59 retry=1/2 err=离线解析注入失败：runtime_fail
Traceback (most recent call last):
  File "D:\Qoder\测试开发平台\backend\modules\tasks.py", line 101, in parse_knowledge_document_task
    result = knowledge_base.parse_document_offline(
             ^^^^^^^^^^^^^^^^^^^^^^^^^^^^^^^^^^^^^^
  File "D:\Qoder\测试开发平台\backend\modules\knowledge_base.py", line 193, in parse_document_offline
    return parse_document_offline_impl(
           ^^^^^^^^^^^^^^^^^^^^^^^^^^^^
  File "D:\Qoder\测试开发平台\backend\modules\knowledge_base_components\offline_parse.py", line 184, in parse_document_offline_impl
    raise RuntimeError("离线解析注入失败：runtime_fail")
RuntimeError: 离线解析注入失败：runtime_fail
[2026-03-16 15:14:15,746: INFO/MainProcess] Task modules.tasks.parse_knowledge_document_task[74b0205f-66f4-40c3-b696-9afa940e8c59] received
[2026-03-16 15:14:15,747: INFO/MainProcess] Task modules.tasks.parse_knowledge_document_task[74b0205f-66f4-40c3-b696-9afa940e8c59] retry: Retry in 8s: RuntimeError('离线解析注入失败：runtime_fail')
[2026-03-16 15:14:23,738: INFO/MainProcess] 离线解析任务启动 doc_id=156 task_id=74b0205f-66f4-40c3-b696-9afa940e8c59 retry=2 file=D:\Qoder\测试开发平台\backend\runtime\knowledge_uploads\20260316071407_a563582b7307483695cee6f5e5ba6566.txt
[2026-03-16 15:14:23,753: INFO/MainProcess] 离线解析开始 doc_id=156 task_id=74b0205f-66f4-40c3-b696-9afa940e8c59 retry=2
[2026-03-16 15:14:23,753: ERROR/MainProcess] 离线解析任务异常 doc_id=156 task_id=74b0205f-66f4-40c3-b696-9afa940e8c59 retry=2/2 err=离线解析注入失败：runtime_fail
Traceback (most recent call last):
  File "D:\Qoder\测试开发平台\backend\modules\tasks.py", line 101, in parse_knowledge_document_task
    result = knowledge_base.parse_document_offline(
             ^^^^^^^^^^^^^^^^^^^^^^^^^^^^^^^^^^^^^^
  File "D:\Qoder\测试开发平台\backend\modules\knowledge_base.py", line 193, in parse_document_offline
    return parse_document_offline_impl(
           ^^^^^^^^^^^^^^^^^^^^^^^^^^^^
  File "D:\Qoder\测试开发平台\backend\modules\knowledge_base_components\offline_parse.py", line 184, in parse_document_offline_impl
    raise RuntimeError("离线解析注入失败：runtime_fail")
RuntimeError: 离线解析注入失败：runtime_fail
[2026-03-16 15:14:23,759: ERROR/MainProcess] Task modules.tasks.parse_knowledge_document_task[74b0205f-66f4-40c3-b696-9afa940e8c59] raised unexpected: RuntimeError('离线解析注入失败：runtime_fail')
Traceback (most recent call last):
  File "C:\Users\Administrator\AppData\Roaming\Python\Python311\site-packages\celery\app\trace.py", line 479, in trace_task
    R = retval = fun(*args, **kwargs)
                 ^^^^^^^^^^^^^^^^^^^^
  File "C:\Users\Administrator\AppData\Roaming\Python\Python311\site-packages\celery\app\trace.py", line 779, in __protected_call__
    return self.run(*args, **kwargs)
           ^^^^^^^^^^^^^^^^^^^^^^^^^
  File "D:\Qoder\测试开发平台\backend\modules\tasks.py", line 170, in parse_knowledge_document_task
    raise e
  File "D:\Qoder\测试开发平台\backend\modules\tasks.py", line 101, in parse_knowledge_document_task
    result = knowledge_base.parse_document_offline(
             ^^^^^^^^^^^^^^^^^^^^^^^^^^^^^^^^^^^^^^
  File "D:\Qoder\测试开发平台\backend\modules\knowledge_base.py", line 193, in parse_document_offline
    return parse_document_offline_impl(
           ^^^^^^^^^^^^^^^^^^^^^^^^^^^^
  File "D:\Qoder\测试开发平台\backend\modules\knowledge_base_components\offline_parse.py", line 184, in parse_document_offline_impl
    raise RuntimeError("离线解析注入失败：runtime_fail")
RuntimeError: 离线解析注入失败：runtime_fail
