Successfully connected to MySQL database: ai_test_platform
Redis connected: 127.0.0.1:6379
 
 -------------- celery@DESKTOP-F86RMFU v5.6.2 (recovery)
--- ***** ----- 
-- ******* ---- Windows-10-10.0.26100-SP0 2026-03-16 15:25:11
- *** --- * --- 
- ** ---------- [config]
- ** ---------- .> app:         ai_test_platform:0x1d285490a90
- ** ---------- .> transport:   redis://localhost:6379/0
- ** ---------- .> results:     redis://localhost:6379/0
- *** --- * --- .> concurrency: 16 (solo)
-- ******* ---- .> task events: OFF (enable -E to monitor tasks in this worker)
--- ***** ----- 
 -------------- [queues]
                .> celery           exchange=celery(direct) key=celery
                

[tasks]
  . modules.tasks.archive_old_data_task
  . modules.tasks.cleanup_logs_task
  . modules.tasks.generate_test_cases_task
  . modules.tasks.parse_knowledge_document_task

[2026-03-16 15:25:11,583: INFO/MainProcess] Connected to redis://localhost:6379/0
[2026-03-16 15:25:11,587: INFO/MainProcess] mingle: searching for neighbors
[2026-03-16 15:25:12,618: INFO/MainProcess] mingle: all alone
[2026-03-16 15:25:12,645: INFO/MainProcess] celery@DESKTOP-F86RMFU ready.
[2026-03-16 15:25:13,903: INFO/MainProcess] Task modules.tasks.parse_knowledge_document_task[6fd8a785-5e6c-4011-bbbc-f4ab87481726] received
[2026-03-16 15:25:13,904: INFO/MainProcess] 离线解析任务启动 doc_id=166 task_id=6fd8a785-5e6c-4011-bbbc-f4ab87481726 retry=0 file=D:\Qoder\测试开发平台\backend\runtime\knowledge_uploads\20260316072513_b994f94360ca4eccb555cbd5713402ac.txt
[2026-03-16 15:25:13,942: INFO/MainProcess] 离线解析开始 doc_id=166 task_id=6fd8a785-5e6c-4011-bbbc-f4ab87481726 retry=0
[2026-03-16 15:25:14,312: INFO/MainProcess] 离线解析成功 doc_id=166 task_id=6fd8a785-5e6c-4011-bbbc-f4ab87481726
[2026-03-16 15:25:14,312: INFO/MainProcess] 离线解析任务完成 doc_id=166 task_id=6fd8a785-5e6c-4011-bbbc-f4ab87481726 result={'status': 'success', 'document_id': 166}
[2026-03-16 15:25:14,314: INFO/MainProcess] Task modules.tasks.parse_knowledge_document_task[6fd8a785-5e6c-4011-bbbc-f4ab87481726] succeeded in 0.42099999997299165s: {'status': 'success', 'document_id': 166}
[2026-03-16 15:25:16,494: INFO/MainProcess] Task modules.tasks.parse_knowledge_document_task[a8f47fb4-6f89-4be6-b827-5ea3ce7b5430] received
[2026-03-16 15:25:16,494: INFO/MainProcess] 离线解析任务启动 doc_id=167 task_id=a8f47fb4-6f89-4be6-b827-5ea3ce7b5430 retry=0 file=D:\Qoder\测试开发平台\backend\runtime\knowledge_uploads\20260316072516_049be1b12fd746c0bba5d82f9fa7c79c.md
[2026-03-16 15:25:16,498: INFO/MainProcess] 离线解析开始 doc_id=167 task_id=a8f47fb4-6f89-4be6-b827-5ea3ce7b5430 retry=0
[2026-03-16 15:25:16,862: INFO/MainProcess] 离线解析成功 doc_id=167 task_id=a8f47fb4-6f89-4be6-b827-5ea3ce7b5430
[2026-03-16 15:25:16,862: INFO/MainProcess] 离线解析任务完成 doc_id=167 task_id=a8f47fb4-6f89-4be6-b827-5ea3ce7b5430 result={'status': 'success', 'document_id': 167}
[2026-03-16 15:25:16,863: INFO/MainProcess] Task modules.tasks.parse_knowledge_document_task[a8f47fb4-6f89-4be6-b827-5ea3ce7b5430] succeeded in 0.375s: {'status': 'success', 'document_id': 167}
[2026-03-16 15:25:18,061: INFO/MainProcess] Task modules.tasks.parse_knowledge_document_task[6da54a22-0631-4af2-9173-324cb2188a0e] received
[2026-03-16 15:25:18,061: INFO/MainProcess] 离线解析任务启动 doc_id=168 task_id=6da54a22-0631-4af2-9173-324cb2188a0e retry=0 file=D:\Qoder\测试开发平台\backend\runtime\knowledge_uploads\20260316072518_bfa4f1ca38f44b3fa13aabfeb1a7c43b.txt
[2026-03-16 15:25:18,066: INFO/MainProcess] 离线解析开始 doc_id=168 task_id=6da54a22-0631-4af2-9173-324cb2188a0e retry=0
[2026-03-16 15:25:18,066: ERROR/MainProcess] 离线解析任务异常 doc_id=168 task_id=6da54a22-0631-4af2-9173-324cb2188a0e retry=0/2 err=未解析到可用文本内容，请检查文件是否为空。
Traceback (most recent call last):
  File "D:\Qoder\测试开发平台\backend\modules\tasks.py", line 101, in parse_knowledge_document_task
    result = knowledge_base.parse_document_offline(
             ^^^^^^^^^^^^^^^^^^^^^^^^^^^^^^^^^^^^^^
  File "D:\Qoder\测试开发平台\backend\modules\knowledge_base.py", line 193, in parse_document_offline
    return parse_document_offline_impl(
           ^^^^^^^^^^^^^^^^^^^^^^^^^^^^
  File "D:\Qoder\测试开发平台\backend\modules\knowledge_base_components\offline_parse.py", line 189, in parse_document_offline_impl
    validate_parsed_content(content)
  File "D:\Qoder\测试开发平台\backend\modules\knowledge_base_components\offline_parse_support.py", line 70, in validate_parsed_content
    raise ValueError("未解析到可用文本内容，请检查文件是否为空。")
ValueError: 未解析到可用文本内容，请检查文件是否为空。
[2026-03-16 15:25:18,074: INFO/MainProcess] Task modules.tasks.parse_knowledge_document_task[6da54a22-0631-4af2-9173-324cb2188a0e] retry: Retry in 8s: ValueError('未解析到可用文本内容，请检查文件是否为空。')
[2026-03-16 15:25:18,074: INFO/MainProcess] Task modules.tasks.parse_knowledge_document_task[6da54a22-0631-4af2-9173-324cb2188a0e] received
[2026-03-16 15:25:26,071: INFO/MainProcess] 离线解析任务启动 doc_id=168 task_id=6da54a22-0631-4af2-9173-324cb2188a0e retry=1 file=D:\Qoder\测试开发平台\backend\runtime\knowledge_uploads\20260316072518_bfa4f1ca38f44b3fa13aabfeb1a7c43b.txt
[2026-03-16 15:25:26,117: INFO/MainProcess] 离线解析开始 doc_id=168 task_id=6da54a22-0631-4af2-9173-324cb2188a0e retry=1
[2026-03-16 15:25:26,117: ERROR/MainProcess] 离线解析任务异常 doc_id=168 task_id=6da54a22-0631-4af2-9173-324cb2188a0e retry=1/2 err=未解析到可用文本内容，请检查文件是否为空。
Traceback (most recent call last):
  File "D:\Qoder\测试开发平台\backend\modules\tasks.py", line 101, in parse_knowledge_document_task
    result = knowledge_base.parse_document_offline(
             ^^^^^^^^^^^^^^^^^^^^^^^^^^^^^^^^^^^^^^
  File "D:\Qoder\测试开发平台\backend\modules\knowledge_base.py", line 193, in parse_document_offline
    return parse_document_offline_impl(
           ^^^^^^^^^^^^^^^^^^^^^^^^^^^^
  File "D:\Qoder\测试开发平台\backend\modules\knowledge_base_components\offline_parse.py", line 189, in parse_document_offline_impl
    validate_parsed_content(content)
  File "D:\Qoder\测试开发平台\backend\modules\knowledge_base_components\offline_parse_support.py", line 70, in validate_parsed_content
    raise ValueError("未解析到可用文本内容，请检查文件是否为空。")
ValueError: 未解析到可用文本内容，请检查文件是否为空。
[2026-03-16 15:25:26,123: INFO/MainProcess] Task modules.tasks.parse_knowledge_document_task[6da54a22-0631-4af2-9173-324cb2188a0e] received
[2026-03-16 15:25:26,124: INFO/MainProcess] Task modules.tasks.parse_knowledge_document_task[6da54a22-0631-4af2-9173-324cb2188a0e] retry: Retry in 8s: ValueError('未解析到可用文本内容，请检查文件是否为空。')
[2026-03-16 15:25:34,115: INFO/MainProcess] 离线解析任务启动 doc_id=168 task_id=6da54a22-0631-4af2-9173-324cb2188a0e retry=2 file=D:\Qoder\测试开发平台\backend\runtime\knowledge_uploads\20260316072518_bfa4f1ca38f44b3fa13aabfeb1a7c43b.txt
[2026-03-16 15:25:34,129: INFO/MainProcess] 离线解析开始 doc_id=168 task_id=6da54a22-0631-4af2-9173-324cb2188a0e retry=2
[2026-03-16 15:25:34,130: ERROR/MainProcess] 离线解析任务异常 doc_id=168 task_id=6da54a22-0631-4af2-9173-324cb2188a0e retry=2/2 err=未解析到可用文本内容，请检查文件是否为空。
Traceback (most recent call last):
  File "D:\Qoder\测试开发平台\backend\modules\tasks.py", line 101, in parse_knowledge_document_task
    result = knowledge_base.parse_document_offline(
             ^^^^^^^^^^^^^^^^^^^^^^^^^^^^^^^^^^^^^^
  File "D:\Qoder\测试开发平台\backend\modules\knowledge_base.py", line 193, in parse_document_offline
    return parse_document_offline_impl(
           ^^^^^^^^^^^^^^^^^^^^^^^^^^^^
  File "D:\Qoder\测试开发平台\backend\modules\knowledge_base_components\offline_parse.py", line 189, in parse_document_offline_impl
    validate_parsed_content(content)
  File "D:\Qoder\测试开发平台\backend\modules\knowledge_base_components\offline_parse_support.py", line 70, in validate_parsed_content
    raise ValueError("未解析到可用文本内容，请检查文件是否为空。")
ValueError: 未解析到可用文本内容，请检查文件是否为空。
[2026-03-16 15:25:34,137: ERROR/MainProcess] Task modules.tasks.parse_knowledge_document_task[6da54a22-0631-4af2-9173-324cb2188a0e] raised unexpected: ValueError('未解析到可用文本内容，请检查文件是否为空。')
Traceback (most recent call last):
  File "C:\Users\Administrator\AppData\Roaming\Python\Python311\site-packages\celery\app\trace.py", line 479, in trace_task
    R = retval = fun(*args, **kwargs)
                 ^^^^^^^^^^^^^^^^^^^^
  File "C:\Users\Administrator\AppData\Roaming\Python\Python311\site-packages\celery\app\trace.py", line 779, in __protected_call__
    return self.run(*args, **kwargs)
           ^^^^^^^^^^^^^^^^^^^^^^^^^
  File "D:\Qoder\测试开发平台\backend\modules\tasks.py", line 170, in parse_knowledge_document_task
    raise e
  File "D:\Qoder\测试开发平台\backend\modules\tasks.py", line 101, in parse_knowledge_document_task
    result = knowledge_base.parse_document_offline(
             ^^^^^^^^^^^^^^^^^^^^^^^^^^^^^^^^^^^^^^
  File "D:\Qoder\测试开发平台\backend\modules\knowledge_base.py", line 193, in parse_document_offline
    return parse_document_offline_impl(
           ^^^^^^^^^^^^^^^^^^^^^^^^^^^^
  File "D:\Qoder\测试开发平台\backend\modules\knowledge_base_components\offline_parse.py", line 189, in parse_document_offline_impl
    validate_parsed_content(content)
  File "D:\Qoder\测试开发平台\backend\modules\knowledge_base_components\offline_parse_support.py", line 70, in validate_parsed_content
    raise ValueError("未解析到可用文本内容，请检查文件是否为空。")
ValueError: 未解析到可用文本内容，请检查文件是否为空。
[2026-03-16 15:25:34,979: INFO/MainProcess] Task modules.tasks.parse_knowledge_document_task[152c7113-c553-4014-8976-0140678dd7a8] received
[2026-03-16 15:25:34,979: INFO/MainProcess] 离线解析任务启动 doc_id=169 task_id=152c7113-c553-4014-8976-0140678dd7a8 retry=0 file=D:\Qoder\测试开发平台\backend\runtime\knowledge_uploads\20260316072534_a653056d242f4962a10f71bf9834cd12.xyz
[2026-03-16 15:25:34,986: INFO/MainProcess] 离线解析开始 doc_id=169 task_id=152c7113-c553-4014-8976-0140678dd7a8 retry=0
[2026-03-16 15:25:34,986: ERROR/MainProcess] 离线解析任务异常 doc_id=169 task_id=152c7113-c553-4014-8976-0140678dd7a8 retry=0/2 err=文件解析失败：[Unsupported file type: 20260316072534_a653056d242f4962a10f71bf9834cd12.xyz]
Traceback (most recent call last):
  File "D:\Qoder\测试开发平台\backend\modules\tasks.py", line 101, in parse_knowledge_document_task
    result = knowledge_base.parse_document_offline(
             ^^^^^^^^^^^^^^^^^^^^^^^^^^^^^^^^^^^^^^
  File "D:\Qoder\测试开发平台\backend\modules\knowledge_base.py", line 193, in parse_document_offline
    return parse_document_offline_impl(
           ^^^^^^^^^^^^^^^^^^^^^^^^^^^^
  File "D:\Qoder\测试开发平台\backend\modules\knowledge_base_components\offline_parse.py", line 189, in parse_document_offline_impl
    validate_parsed_content(content)
  File "D:\Qoder\测试开发平台\backend\modules\knowledge_base_components\offline_parse_support.py", line 74, in validate_parsed_content
    raise ValueError(f"文件解析失败：{normalized[:180]}")
ValueError: 文件解析失败：[Unsupported file type: 20260316072534_a653056d242f4962a10f71bf9834cd12.xyz]
[2026-03-16 15:25:34,995: INFO/MainProcess] Task modules.tasks.parse_knowledge_document_task[152c7113-c553-4014-8976-0140678dd7a8] retry: Retry in 8s: ValueError('文件解析失败：[Unsupported file type: 20260316072534_a653056d242f4962a10f71bf9834cd12.xyz]')
[2026-03-16 15:25:34,998: INFO/MainProcess] Task modules.tasks.parse_knowledge_document_task[152c7113-c553-4014-8976-0140678dd7a8] received
[2026-03-16 15:25:42,994: INFO/MainProcess] 离线解析任务启动 doc_id=169 task_id=152c7113-c553-4014-8976-0140678dd7a8 retry=1 file=D:\Qoder\测试开发平台\backend\runtime\knowledge_uploads\20260316072534_a653056d242f4962a10f71bf9834cd12.xyz
[2026-03-16 15:25:43,008: INFO/MainProcess] 离线解析开始 doc_id=169 task_id=152c7113-c553-4014-8976-0140678dd7a8 retry=1
[2026-03-16 15:25:43,008: ERROR/MainProcess] 离线解析任务异常 doc_id=169 task_id=152c7113-c553-4014-8976-0140678dd7a8 retry=1/2 err=文件解析失败：[Unsupported file type: 20260316072534_a653056d242f4962a10f71bf9834cd12.xyz]
Traceback (most recent call last):
  File "D:\Qoder\测试开发平台\backend\modules\tasks.py", line 101, in parse_knowledge_document_task
    result = knowledge_base.parse_document_offline(
             ^^^^^^^^^^^^^^^^^^^^^^^^^^^^^^^^^^^^^^
  File "D:\Qoder\测试开发平台\backend\modules\knowledge_base.py", line 193, in parse_document_offline
    return parse_document_offline_impl(
           ^^^^^^^^^^^^^^^^^^^^^^^^^^^^
  File "D:\Qoder\测试开发平台\backend\modules\knowledge_base_components\offline_parse.py", line 189, in parse_document_offline_impl
    validate_parsed_content(content)
  File "D:\Qoder\测试开发平台\backend\modules\knowledge_base_components\offline_parse_support.py", line 74, in validate_parsed_content
    raise ValueError(f"文件解析失败：{normalized[:180]}")
ValueError: 文件解析失败：[Unsupported file type: 20260316072534_a653056d242f4962a10f71bf9834cd12.xyz]
[2026-03-16 15:25:43,015: INFO/MainProcess] Task modules.tasks.parse_knowledge_document_task[152c7113-c553-4014-8976-0140678dd7a8] received
[2026-03-16 15:25:43,016: INFO/MainProcess] Task modules.tasks.parse_knowledge_document_task[152c7113-c553-4014-8976-0140678dd7a8] retry: Retry in 8s: ValueError('文件解析失败：[Unsupported file type: 20260316072534_a653056d242f4962a10f71bf9834cd12.xyz]')
[2026-03-16 15:25:51,008: INFO/MainProcess] 离线解析任务启动 doc_id=169 task_id=152c7113-c553-4014-8976-0140678dd7a8 retry=2 file=D:\Qoder\测试开发平台\backend\runtime\knowledge_uploads\20260316072534_a653056d242f4962a10f71bf9834cd12.xyz
[2026-03-16 15:25:51,021: INFO/MainProcess] 离线解析开始 doc_id=169 task_id=152c7113-c553-4014-8976-0140678dd7a8 retry=2
[2026-03-16 15:25:51,021: ERROR/MainProcess] 离线解析任务异常 doc_id=169 task_id=152c7113-c553-4014-8976-0140678dd7a8 retry=2/2 err=文件解析失败：[Unsupported file type: 20260316072534_a653056d242f4962a10f71bf9834cd12.xyz]
Traceback (most recent call last):
  File "D:\Qoder\测试开发平台\backend\modules\tasks.py", line 101, in parse_knowledge_document_task
    result = knowledge_base.parse_document_offline(
             ^^^^^^^^^^^^^^^^^^^^^^^^^^^^^^^^^^^^^^
  File "D:\Qoder\测试开发平台\backend\modules\knowledge_base.py", line 193, in parse_document_offline
    return parse_document_offline_impl(
           ^^^^^^^^^^^^^^^^^^^^^^^^^^^^
  File "D:\Qoder\测试开发平台\backend\modules\knowledge_base_components\offline_parse.py", line 189, in parse_document_offline_impl
    validate_parsed_content(content)
  File "D:\Qoder\测试开发平台\backend\modules\knowledge_base_components\offline_parse_support.py", line 74, in validate_parsed_content
    raise ValueError(f"文件解析失败：{normalized[:180]}")
ValueError: 文件解析失败：[Unsupported file type: 20260316072534_a653056d242f4962a10f71bf9834cd12.xyz]
[2026-03-16 15:25:51,029: ERROR/MainProcess] Task modules.tasks.parse_knowledge_document_task[152c7113-c553-4014-8976-0140678dd7a8] raised unexpected: ValueError('文件解析失败：[Unsupported file type: 20260316072534_a653056d242f4962a10f71bf9834cd12.xyz]')
Traceback (most recent call last):
  File "C:\Users\Administrator\AppData\Roaming\Python\Python311\site-packages\celery\app\trace.py", line 479, in trace_task
    R = retval = fun(*args, **kwargs)
                 ^^^^^^^^^^^^^^^^^^^^
  File "C:\Users\Administrator\AppData\Roaming\Python\Python311\site-packages\celery\app\trace.py", line 779, in __protected_call__
    return self.run(*args, **kwargs)
           ^^^^^^^^^^^^^^^^^^^^^^^^^
  File "D:\Qoder\测试开发平台\backend\modules\tasks.py", line 170, in parse_knowledge_document_task
    raise e
  File "D:\Qoder\测试开发平台\backend\modules\tasks.py", line 101, in parse_knowledge_document_task
    result = knowledge_base.parse_document_offline(
             ^^^^^^^^^^^^^^^^^^^^^^^^^^^^^^^^^^^^^^
  File "D:\Qoder\测试开发平台\backend\modules\knowledge_base.py", line 193, in parse_document_offline
    return parse_document_offline_impl(
           ^^^^^^^^^^^^^^^^^^^^^^^^^^^^
  File "D:\Qoder\测试开发平台\backend\modules\knowledge_base_components\offline_parse.py", line 189, in parse_document_offline_impl
    validate_parsed_content(content)
  File "D:\Qoder\测试开发平台\backend\modules\knowledge_base_components\offline_parse_support.py", line 74, in validate_parsed_content
    raise ValueError(f"文件解析失败：{normalized[:180]}")
ValueError: 文件解析失败：[Unsupported file type: 20260316072534_a653056d242f4962a10f71bf9834cd12.xyz]
[2026-03-16 15:25:51,901: INFO/MainProcess] Task modules.tasks.parse_knowledge_document_task[1cd9865b-16ab-4a32-ae1d-639759b73533] received
[2026-03-16 15:25:51,901: INFO/MainProcess] 离线解析任务启动 doc_id=170 task_id=1cd9865b-16ab-4a32-ae1d-639759b73533 retry=0 file=D:\Qoder\测试开发平台\backend\runtime\knowledge_uploads\20260316072551_9f557e2f395949e8aa15659b9356691a.pdf
[2026-03-16 15:25:51,906: INFO/MainProcess] 离线解析开始 doc_id=170 task_id=1cd9865b-16ab-4a32-ae1d-639759b73533 retry=0
[2026-03-16 15:25:51,906: ERROR/MainProcess] 离线解析任务异常 doc_id=170 task_id=1cd9865b-16ab-4a32-ae1d-639759b73533 retry=0/2 err=文件解析失败：[Error parsing file: startxref not found]
Traceback (most recent call last):
  File "D:\Qoder\测试开发平台\backend\modules\tasks.py", line 101, in parse_knowledge_document_task
    result = knowledge_base.parse_document_offline(
             ^^^^^^^^^^^^^^^^^^^^^^^^^^^^^^^^^^^^^^
  File "D:\Qoder\测试开发平台\backend\modules\knowledge_base.py", line 193, in parse_document_offline
    return parse_document_offline_impl(
           ^^^^^^^^^^^^^^^^^^^^^^^^^^^^
  File "D:\Qoder\测试开发平台\backend\modules\knowledge_base_components\offline_parse.py", line 189, in parse_document_offline_impl
    validate_parsed_content(content)
  File "D:\Qoder\测试开发平台\backend\modules\knowledge_base_components\offline_parse_support.py", line 74, in validate_parsed_content
    raise ValueError(f"文件解析失败：{normalized[:180]}")
ValueError: 文件解析失败：[Error parsing file: startxref not found]
[2026-03-16 15:25:51,917: INFO/MainProcess] Task modules.tasks.parse_knowledge_document_task[1cd9865b-16ab-4a32-ae1d-639759b73533] retry: Retry in 8s: ValueError('文件解析失败：[Error parsing file: startxref not found]')
[2026-03-16 15:25:51,919: INFO/MainProcess] Task modules.tasks.parse_knowledge_document_task[1cd9865b-16ab-4a32-ae1d-639759b73533] received
[2026-03-16 15:25:59,914: INFO/MainProcess] 离线解析任务启动 doc_id=170 task_id=1cd9865b-16ab-4a32-ae1d-639759b73533 retry=1 file=D:\Qoder\测试开发平台\backend\runtime\knowledge_uploads\20260316072551_9f557e2f395949e8aa15659b9356691a.pdf
[2026-03-16 15:25:59,928: INFO/MainProcess] 离线解析开始 doc_id=170 task_id=1cd9865b-16ab-4a32-ae1d-639759b73533 retry=1
[2026-03-16 15:25:59,928: ERROR/MainProcess] 离线解析任务异常 doc_id=170 task_id=1cd9865b-16ab-4a32-ae1d-639759b73533 retry=1/2 err=文件解析失败：[Error parsing file: startxref not found]
Traceback (most recent call last):
  File "D:\Qoder\测试开发平台\backend\modules\tasks.py", line 101, in parse_knowledge_document_task
    result = knowledge_base.parse_document_offline(
             ^^^^^^^^^^^^^^^^^^^^^^^^^^^^^^^^^^^^^^
  File "D:\Qoder\测试开发平台\backend\modules\knowledge_base.py", line 193, in parse_document_offline
    return parse_document_offline_impl(
           ^^^^^^^^^^^^^^^^^^^^^^^^^^^^
  File "D:\Qoder\测试开发平台\backend\modules\knowledge_base_components\offline_parse.py", line 189, in parse_document_offline_impl
    validate_parsed_content(content)
  File "D:\Qoder\测试开发平台\backend\modules\knowledge_base_components\offline_parse_support.py", line 74, in validate_parsed_content
    raise ValueError(f"文件解析失败：{normalized[:180]}")
ValueError: 文件解析失败：[Error parsing file: startxref not found]
[2026-03-16 15:25:59,936: INFO/MainProcess] Task modules.tasks.parse_knowledge_document_task[1cd9865b-16ab-4a32-ae1d-639759b73533] received
[2026-03-16 15:25:59,936: INFO/MainProcess] Task modules.tasks.parse_knowledge_document_task[1cd9865b-16ab-4a32-ae1d-639759b73533] retry: Retry in 8s: ValueError('文件解析失败：[Error parsing file: startxref not found]')
[2026-03-16 15:26:07,924: INFO/MainProcess] 离线解析任务启动 doc_id=170 task_id=1cd9865b-16ab-4a32-ae1d-639759b73533 retry=2 file=D:\Qoder\测试开发平台\backend\runtime\knowledge_uploads\20260316072551_9f557e2f395949e8aa15659b9356691a.pdf
[2026-03-16 15:26:07,931: INFO/MainProcess] 离线解析开始 doc_id=170 task_id=1cd9865b-16ab-4a32-ae1d-639759b73533 retry=2
[2026-03-16 15:26:07,931: ERROR/MainProcess] 离线解析任务异常 doc_id=170 task_id=1cd9865b-16ab-4a32-ae1d-639759b73533 retry=2/2 err=文件解析失败：[Error parsing file: startxref not found]
Traceback (most recent call last):
  File "D:\Qoder\测试开发平台\backend\modules\tasks.py", line 101, in parse_knowledge_document_task
    result = knowledge_base.parse_document_offline(
             ^^^^^^^^^^^^^^^^^^^^^^^^^^^^^^^^^^^^^^
  File "D:\Qoder\测试开发平台\backend\modules\knowledge_base.py", line 193, in parse_document_offline
    return parse_document_offline_impl(
           ^^^^^^^^^^^^^^^^^^^^^^^^^^^^
  File "D:\Qoder\测试开发平台\backend\modules\knowledge_base_components\offline_parse.py", line 189, in parse_document_offline_impl
    validate_parsed_content(content)
  File "D:\Qoder\测试开发平台\backend\modules\knowledge_base_components\offline_parse_support.py", line 74, in validate_parsed_content
    raise ValueError(f"文件解析失败：{normalized[:180]}")
ValueError: 文件解析失败：[Error parsing file: startxref not found]
[2026-03-16 15:26:07,939: ERROR/MainProcess] Task modules.tasks.parse_knowledge_document_task[1cd9865b-16ab-4a32-ae1d-639759b73533] raised unexpected: ValueError('文件解析失败：[Error parsing file: startxref not found]')
Traceback (most recent call last):
  File "C:\Users\Administrator\AppData\Roaming\Python\Python311\site-packages\celery\app\trace.py", line 479, in trace_task
    R = retval = fun(*args, **kwargs)
                 ^^^^^^^^^^^^^^^^^^^^
  File "C:\Users\Administrator\AppData\Roaming\Python\Python311\site-packages\celery\app\trace.py", line 779, in __protected_call__
    return self.run(*args, **kwargs)
           ^^^^^^^^^^^^^^^^^^^^^^^^^
  File "D:\Qoder\测试开发平台\backend\modules\tasks.py", line 170, in parse_knowledge_document_task
    raise e
  File "D:\Qoder\测试开发平台\backend\modules\tasks.py", line 101, in parse_knowledge_document_task
    result = knowledge_base.parse_document_offline(
             ^^^^^^^^^^^^^^^^^^^^^^^^^^^^^^^^^^^^^^
  File "D:\Qoder\测试开发平台\backend\modules\knowledge_base.py", line 193, in parse_document_offline
    return parse_document_offline_impl(
           ^^^^^^^^^^^^^^^^^^^^^^^^^^^^
  File "D:\Qoder\测试开发平台\backend\modules\knowledge_base_components\offline_parse.py", line 189, in parse_document_offline_impl
    validate_parsed_content(content)
  File "D:\Qoder\测试开发平台\backend\modules\knowledge_base_components\offline_parse_support.py", line 74, in validate_parsed_content
    raise ValueError(f"文件解析失败：{normalized[:180]}")
ValueError: 文件解析失败：[Error parsing file: startxref not found]
[2026-03-16 15:26:08,822: INFO/MainProcess] Task modules.tasks.parse_knowledge_document_task[a260d97a-a743-49e7-ad73-e06e81ab4e66] received
[2026-03-16 15:26:08,822: INFO/MainProcess] 离线解析任务启动 doc_id=171 task_id=a260d97a-a743-49e7-ad73-e06e81ab4e66 retry=0 file=D:\Qoder\测试开发平台\backend\runtime\knowledge_uploads\20260316072608_91efbded681b42f78a5dc93770e61105.txt
[2026-03-16 15:26:08,829: INFO/MainProcess] 离线解析开始 doc_id=171 task_id=a260d97a-a743-49e7-ad73-e06e81ab4e66 retry=0
[2026-03-16 15:26:08,829: ERROR/MainProcess] 离线解析任务异常 doc_id=171 task_id=a260d97a-a743-49e7-ad73-e06e81ab4e66 retry=0/2 err=离线解析注入失败：fail_once
Traceback (most recent call last):
  File "D:\Qoder\测试开发平台\backend\modules\tasks.py", line 101, in parse_knowledge_document_task
    result = knowledge_base.parse_document_offline(
             ^^^^^^^^^^^^^^^^^^^^^^^^^^^^^^^^^^^^^^
  File "D:\Qoder\测试开发平台\backend\modules\knowledge_base.py", line 193, in parse_document_offline
    return parse_document_offline_impl(
           ^^^^^^^^^^^^^^^^^^^^^^^^^^^^
  File "D:\Qoder\测试开发平台\backend\modules\knowledge_base_components\offline_parse.py", line 186, in parse_document_offline_impl
    raise RuntimeError("离线解析注入失败：fail_once")
RuntimeError: 离线解析注入失败：fail_once
[2026-03-16 15:26:08,836: INFO/MainProcess] Task modules.tasks.parse_knowledge_document_task[a260d97a-a743-49e7-ad73-e06e81ab4e66] retry: Retry in 8s: RuntimeError('离线解析注入失败：fail_once')
[2026-03-16 15:26:08,840: INFO/MainProcess] Task modules.tasks.parse_knowledge_document_task[a260d97a-a743-49e7-ad73-e06e81ab4e66] received
[2026-03-16 15:26:16,830: INFO/MainProcess] 离线解析任务启动 doc_id=171 task_id=a260d97a-a743-49e7-ad73-e06e81ab4e66 retry=1 file=D:\Qoder\测试开发平台\backend\runtime\knowledge_uploads\20260316072608_91efbded681b42f78a5dc93770e61105.txt
[2026-03-16 15:26:16,843: INFO/MainProcess] 离线解析开始 doc_id=171 task_id=a260d97a-a743-49e7-ad73-e06e81ab4e66 retry=1
[2026-03-16 15:26:17,213: INFO/MainProcess] 离线解析成功 doc_id=171 task_id=a260d97a-a743-49e7-ad73-e06e81ab4e66
[2026-03-16 15:26:17,213: INFO/MainProcess] 离线解析任务完成 doc_id=171 task_id=a260d97a-a743-49e7-ad73-e06e81ab4e66 result={'status': 'success', 'document_id': 171}
[2026-03-16 15:26:17,215: INFO/MainProcess] Task modules.tasks.parse_knowledge_document_task[a260d97a-a743-49e7-ad73-e06e81ab4e66] succeeded in 0.375s: {'status': 'success', 'document_id': 171}
[2026-03-16 15:26:17,641: INFO/MainProcess] Task modules.tasks.parse_knowledge_document_task[442cd141-7c8e-4e08-810f-e6262e27cc43] received
[2026-03-16 15:26:17,642: INFO/MainProcess] 离线解析任务启动 doc_id=172 task_id=442cd141-7c8e-4e08-810f-e6262e27cc43 retry=0 file=D:\Qoder\测试开发平台\backend\runtime\knowledge_uploads\20260316072617_67f6e2e3aae8438788c4a0861c72907a.txt
[2026-03-16 15:26:17,644: INFO/MainProcess] 离线解析开始 doc_id=172 task_id=442cd141-7c8e-4e08-810f-e6262e27cc43 retry=0
[2026-03-16 15:26:17,653: ERROR/MainProcess] 离线解析任务异常 doc_id=172 task_id=442cd141-7c8e-4e08-810f-e6262e27cc43 retry=0/2 err=离线解析注入失败：summary_fail
Traceback (most recent call last):
  File "D:\Qoder\测试开发平台\backend\modules\tasks.py", line 101, in parse_knowledge_document_task
    result = knowledge_base.parse_document_offline(
             ^^^^^^^^^^^^^^^^^^^^^^^^^^^^^^^^^^^^^^
  File "D:\Qoder\测试开发平台\backend\modules\knowledge_base.py", line 193, in parse_document_offline
    return parse_document_offline_impl(
           ^^^^^^^^^^^^^^^^^^^^^^^^^^^^
  File "D:\Qoder\测试开发平台\backend\modules\knowledge_base_components\offline_parse.py", line 222, in parse_document_offline_impl
    raise RuntimeError("离线解析注入失败：summary_fail")
RuntimeError: 离线解析注入失败：summary_fail
[2026-03-16 15:26:17,659: INFO/MainProcess] Task modules.tasks.parse_knowledge_document_task[442cd141-7c8e-4e08-810f-e6262e27cc43] retry: Retry in 8s: RuntimeError('离线解析注入失败：summary_fail')
[2026-03-16 15:26:17,662: INFO/MainProcess] Task modules.tasks.parse_knowledge_document_task[442cd141-7c8e-4e08-810f-e6262e27cc43] received
[2026-03-16 15:26:25,660: INFO/MainProcess] 离线解析任务启动 doc_id=172 task_id=442cd141-7c8e-4e08-810f-e6262e27cc43 retry=1 file=D:\Qoder\测试开发平台\backend\runtime\knowledge_uploads\20260316072617_67f6e2e3aae8438788c4a0861c72907a.txt
[2026-03-16 15:26:25,667: INFO/MainProcess] 离线解析开始 doc_id=172 task_id=442cd141-7c8e-4e08-810f-e6262e27cc43 retry=1
[2026-03-16 15:26:25,671: ERROR/MainProcess] 离线解析任务异常 doc_id=172 task_id=442cd141-7c8e-4e08-810f-e6262e27cc43 retry=1/2 err=离线解析注入失败：summary_fail
Traceback (most recent call last):
  File "D:\Qoder\测试开发平台\backend\modules\tasks.py", line 101, in parse_knowledge_document_task
    result = knowledge_base.parse_document_offline(
             ^^^^^^^^^^^^^^^^^^^^^^^^^^^^^^^^^^^^^^
  File "D:\Qoder\测试开发平台\backend\modules\knowledge_base.py", line 193, in parse_document_offline
    return parse_document_offline_impl(
           ^^^^^^^^^^^^^^^^^^^^^^^^^^^^
  File "D:\Qoder\测试开发平台\backend\modules\knowledge_base_components\offline_parse.py", line 222, in parse_document_offline_impl
    raise RuntimeError("离线解析注入失败：summary_fail")
RuntimeError: 离线解析注入失败：summary_fail
[2026-03-16 15:26:25,677: INFO/MainProcess] Task modules.tasks.parse_knowledge_document_task[442cd141-7c8e-4e08-810f-e6262e27cc43] received
[2026-03-16 15:26:25,679: INFO/MainProcess] Task modules.tasks.parse_knowledge_document_task[442cd141-7c8e-4e08-810f-e6262e27cc43] retry: Retry in 8s: RuntimeError('离线解析注入失败：summary_fail')
[2026-03-16 15:26:33,685: INFO/MainProcess] 离线解析任务启动 doc_id=172 task_id=442cd141-7c8e-4e08-810f-e6262e27cc43 retry=2 file=D:\Qoder\测试开发平台\backend\runtime\knowledge_uploads\20260316072617_67f6e2e3aae8438788c4a0861c72907a.txt
[2026-03-16 15:26:33,692: INFO/MainProcess] 离线解析开始 doc_id=172 task_id=442cd141-7c8e-4e08-810f-e6262e27cc43 retry=2
[2026-03-16 15:26:33,696: ERROR/MainProcess] 离线解析任务异常 doc_id=172 task_id=442cd141-7c8e-4e08-810f-e6262e27cc43 retry=2/2 err=离线解析注入失败：summary_fail
Traceback (most recent call last):
  File "D:\Qoder\测试开发平台\backend\modules\tasks.py", line 101, in parse_knowledge_document_task
    result = knowledge_base.parse_document_offline(
             ^^^^^^^^^^^^^^^^^^^^^^^^^^^^^^^^^^^^^^
  File "D:\Qoder\测试开发平台\backend\modules\knowledge_base.py", line 193, in parse_document_offline
    return parse_document_offline_impl(
           ^^^^^^^^^^^^^^^^^^^^^^^^^^^^
  File "D:\Qoder\测试开发平台\backend\modules\knowledge_base_components\offline_parse.py", line 222, in parse_document_offline_impl
    raise RuntimeError("离线解析注入失败：summary_fail")
RuntimeError: 离线解析注入失败：summary_fail
[2026-03-16 15:26:33,702: ERROR/MainProcess] Task modules.tasks.parse_knowledge_document_task[442cd141-7c8e-4e08-810f-e6262e27cc43] raised unexpected: RuntimeError('离线解析注入失败：summary_fail')
Traceback (most recent call last):
  File "C:\Users\Administrator\AppData\Roaming\Python\Python311\site-packages\celery\app\trace.py", line 479, in trace_task
    R = retval = fun(*args, **kwargs)
                 ^^^^^^^^^^^^^^^^^^^^
  File "C:\Users\Administrator\AppData\Roaming\Python\Python311\site-packages\celery\app\trace.py", line 779, in __protected_call__
    return self.run(*args, **kwargs)
           ^^^^^^^^^^^^^^^^^^^^^^^^^
  File "D:\Qoder\测试开发平台\backend\modules\tasks.py", line 170, in parse_knowledge_document_task
    raise e
  File "D:\Qoder\测试开发平台\backend\modules\tasks.py", line 101, in parse_knowledge_document_task
    result = knowledge_base.parse_document_offline(
             ^^^^^^^^^^^^^^^^^^^^^^^^^^^^^^^^^^^^^^
  File "D:\Qoder\测试开发平台\backend\modules\knowledge_base.py", line 193, in parse_document_offline
    return parse_document_offline_impl(
           ^^^^^^^^^^^^^^^^^^^^^^^^^^^^
  File "D:\Qoder\测试开发平台\backend\modules\knowledge_base_components\offline_parse.py", line 222, in parse_document_offline_impl
    raise RuntimeError("离线解析注入失败：summary_fail")
RuntimeError: 离线解析注入失败：summary_fail
[2026-03-16 15:26:34,576: INFO/MainProcess] Task modules.tasks.parse_knowledge_document_task[3303af3a-5464-4efe-ba76-30f8566fa3a1] received
[2026-03-16 15:26:34,577: INFO/MainProcess] 离线解析任务启动 doc_id=173 task_id=3303af3a-5464-4efe-ba76-30f8566fa3a1 retry=0 file=D:\Qoder\测试开发平台\backend\runtime\knowledge_uploads\20260316072634_511417116cc34404a353e930e9b7472a.txt
[2026-03-16 15:26:34,587: INFO/MainProcess] 离线解析开始 doc_id=173 task_id=3303af3a-5464-4efe-ba76-30f8566fa3a1 retry=0
[2026-03-16 15:26:34,595: ERROR/MainProcess] 离线解析任务异常 doc_id=173 task_id=3303af3a-5464-4efe-ba76-30f8566fa3a1 retry=0/2 err=离线解析注入失败：chroma_fail
Traceback (most recent call last):
  File "D:\Qoder\测试开发平台\backend\modules\tasks.py", line 101, in parse_knowledge_document_task
    result = knowledge_base.parse_document_offline(
             ^^^^^^^^^^^^^^^^^^^^^^^^^^^^^^^^^^^^^^
  File "D:\Qoder\测试开发平台\backend\modules\knowledge_base.py", line 193, in parse_document_offline
    return parse_document_offline_impl(
           ^^^^^^^^^^^^^^^^^^^^^^^^^^^^
  File "D:\Qoder\测试开发平台\backend\modules\knowledge_base_components\offline_parse.py", line 232, in parse_document_offline_impl
    raise RuntimeError("离线解析注入失败：chroma_fail")
RuntimeError: 离线解析注入失败：chroma_fail
[2026-03-16 15:26:34,603: INFO/MainProcess] Task modules.tasks.parse_knowledge_document_task[3303af3a-5464-4efe-ba76-30f8566fa3a1] retry: Retry in 8s: RuntimeError('离线解析注入失败：chroma_fail')
[2026-03-16 15:26:34,604: INFO/MainProcess] Task modules.tasks.parse_knowledge_document_task[3303af3a-5464-4efe-ba76-30f8566fa3a1] received
[2026-03-16 15:26:42,597: INFO/MainProcess] 离线解析任务启动 doc_id=173 task_id=3303af3a-5464-4efe-ba76-30f8566fa3a1 retry=1 file=D:\Qoder\测试开发平台\backend\runtime\knowledge_uploads\20260316072634_511417116cc34404a353e930e9b7472a.txt
[2026-03-16 15:26:42,613: INFO/MainProcess] 离线解析开始 doc_id=173 task_id=3303af3a-5464-4efe-ba76-30f8566fa3a1 retry=1
[2026-03-16 15:26:42,616: ERROR/MainProcess] 离线解析任务异常 doc_id=173 task_id=3303af3a-5464-4efe-ba76-30f8566fa3a1 retry=1/2 err=离线解析注入失败：chroma_fail
Traceback (most recent call last):
  File "D:\Qoder\测试开发平台\backend\modules\tasks.py", line 101, in parse_knowledge_document_task
    result = knowledge_base.parse_document_offline(
             ^^^^^^^^^^^^^^^^^^^^^^^^^^^^^^^^^^^^^^
  File "D:\Qoder\测试开发平台\backend\modules\knowledge_base.py", line 193, in parse_document_offline
    return parse_document_offline_impl(
           ^^^^^^^^^^^^^^^^^^^^^^^^^^^^
  File "D:\Qoder\测试开发平台\backend\modules\knowledge_base_components\offline_parse.py", line 232, in parse_document_offline_impl
    raise RuntimeError("离线解析注入失败：chroma_fail")
RuntimeError: 离线解析注入失败：chroma_fail
[2026-03-16 15:26:42,623: INFO/MainProcess] Task modules.tasks.parse_knowledge_document_task[3303af3a-5464-4efe-ba76-30f8566fa3a1] received
[2026-03-16 15:26:42,625: INFO/MainProcess] Task modules.tasks.parse_knowledge_document_task[3303af3a-5464-4efe-ba76-30f8566fa3a1] retry: Retry in 8s: RuntimeError('离线解析注入失败：chroma_fail')
[2026-03-16 15:26:50,616: INFO/MainProcess] 离线解析任务启动 doc_id=173 task_id=3303af3a-5464-4efe-ba76-30f8566fa3a1 retry=2 file=D:\Qoder\测试开发平台\backend\runtime\knowledge_uploads\20260316072634_511417116cc34404a353e930e9b7472a.txt
[2026-03-16 15:26:50,630: INFO/MainProcess] 离线解析开始 doc_id=173 task_id=3303af3a-5464-4efe-ba76-30f8566fa3a1 retry=2
[2026-03-16 15:26:50,633: ERROR/MainProcess] 离线解析任务异常 doc_id=173 task_id=3303af3a-5464-4efe-ba76-30f8566fa3a1 retry=2/2 err=离线解析注入失败：chroma_fail
Traceback (most recent call last):
  File "D:\Qoder\测试开发平台\backend\modules\tasks.py", line 101, in parse_knowledge_document_task
    result = knowledge_base.parse_document_offline(
             ^^^^^^^^^^^^^^^^^^^^^^^^^^^^^^^^^^^^^^
  File "D:\Qoder\测试开发平台\backend\modules\knowledge_base.py", line 193, in parse_document_offline
    return parse_document_offline_impl(
           ^^^^^^^^^^^^^^^^^^^^^^^^^^^^
  File "D:\Qoder\测试开发平台\backend\modules\knowledge_base_components\offline_parse.py", line 232, in parse_document_offline_impl
    raise RuntimeError("离线解析注入失败：chroma_fail")
RuntimeError: 离线解析注入失败：chroma_fail
[2026-03-16 15:26:50,639: ERROR/MainProcess] Task modules.tasks.parse_knowledge_document_task[3303af3a-5464-4efe-ba76-30f8566fa3a1] raised unexpected: RuntimeError('离线解析注入失败：chroma_fail')
Traceback (most recent call last):
  File "C:\Users\Administrator\AppData\Roaming\Python\Python311\site-packages\celery\app\trace.py", line 479, in trace_task
    R = retval = fun(*args, **kwargs)
                 ^^^^^^^^^^^^^^^^^^^^
  File "C:\Users\Administrator\AppData\Roaming\Python\Python311\site-packages\celery\app\trace.py", line 779, in __protected_call__
    return self.run(*args, **kwargs)
           ^^^^^^^^^^^^^^^^^^^^^^^^^
  File "D:\Qoder\测试开发平台\backend\modules\tasks.py", line 170, in parse_knowledge_document_task
    raise e
  File "D:\Qoder\测试开发平台\backend\modules\tasks.py", line 101, in parse_knowledge_document_task
    result = knowledge_base.parse_document_offline(
             ^^^^^^^^^^^^^^^^^^^^^^^^^^^^^^^^^^^^^^
  File "D:\Qoder\测试开发平台\backend\modules\knowledge_base.py", line 193, in parse_document_offline
    return parse_document_offline_impl(
           ^^^^^^^^^^^^^^^^^^^^^^^^^^^^
  File "D:\Qoder\测试开发平台\backend\modules\knowledge_base_components\offline_parse.py", line 232, in parse_document_offline_impl
    raise RuntimeError("离线解析注入失败：chroma_fail")
RuntimeError: 离线解析注入失败：chroma_fail
[2026-03-16 15:26:51,513: INFO/MainProcess] Task modules.tasks.parse_knowledge_document_task[a7311f9d-151d-4dcf-90cd-298dea1f9587] received
[2026-03-16 15:26:51,513: INFO/MainProcess] 离线解析任务启动 doc_id=174 task_id=a7311f9d-151d-4dcf-90cd-298dea1f9587 retry=0 file=D:\Qoder\测试开发平台\backend\runtime\knowledge_uploads\20260316072651_bc91eb79bddf440ca7f65ba437b138e8.txt
[2026-03-16 15:26:51,518: INFO/MainProcess] 离线解析开始 doc_id=174 task_id=a7311f9d-151d-4dcf-90cd-298dea1f9587 retry=0
[2026-03-16 15:26:51,518: ERROR/MainProcess] 离线解析任务异常 doc_id=174 task_id=a7311f9d-151d-4dcf-90cd-298dea1f9587 retry=0/2 err=离线解析注入失败：runtime_fail
Traceback (most recent call last):
  File "D:\Qoder\测试开发平台\backend\modules\tasks.py", line 101, in parse_knowledge_document_task
    result = knowledge_base.parse_document_offline(
             ^^^^^^^^^^^^^^^^^^^^^^^^^^^^^^^^^^^^^^
  File "D:\Qoder\测试开发平台\backend\modules\knowledge_base.py", line 193, in parse_document_offline
    return parse_document_offline_impl(
           ^^^^^^^^^^^^^^^^^^^^^^^^^^^^
  File "D:\Qoder\测试开发平台\backend\modules\knowledge_base_components\offline_parse.py", line 184, in parse_document_offline_impl
    raise RuntimeError("离线解析注入失败：runtime_fail")
RuntimeError: 离线解析注入失败：runtime_fail
[2026-03-16 15:26:51,520: INFO/MainProcess] Task modules.tasks.parse_knowledge_document_task[a7311f9d-151d-4dcf-90cd-298dea1f9587] retry: Retry in 8s: RuntimeError('离线解析注入失败：runtime_fail')
[2026-03-16 15:26:51,527: INFO/MainProcess] Task modules.tasks.parse_knowledge_document_task[a7311f9d-151d-4dcf-90cd-298dea1f9587] received
[2026-03-16 15:26:59,519: INFO/MainProcess] 离线解析任务启动 doc_id=174 task_id=a7311f9d-151d-4dcf-90cd-298dea1f9587 retry=1 file=D:\Qoder\测试开发平台\backend\runtime\knowledge_uploads\20260316072651_bc91eb79bddf440ca7f65ba437b138e8.txt
[2026-03-16 15:26:59,532: INFO/MainProcess] 离线解析开始 doc_id=174 task_id=a7311f9d-151d-4dcf-90cd-298dea1f9587 retry=1
[2026-03-16 15:26:59,533: ERROR/MainProcess] 离线解析任务异常 doc_id=174 task_id=a7311f9d-151d-4dcf-90cd-298dea1f9587 retry=1/2 err=离线解析注入失败：runtime_fail
Traceback (most recent call last):
  File "D:\Qoder\测试开发平台\backend\modules\tasks.py", line 101, in parse_knowledge_document_task
    result = knowledge_base.parse_document_offline(
             ^^^^^^^^^^^^^^^^^^^^^^^^^^^^^^^^^^^^^^
  File "D:\Qoder\测试开发平台\backend\modules\knowledge_base.py", line 193, in parse_document_offline
    return parse_document_offline_impl(
           ^^^^^^^^^^^^^^^^^^^^^^^^^^^^
  File "D:\Qoder\测试开发平台\backend\modules\knowledge_base_components\offline_parse.py", line 184, in parse_document_offline_impl
    raise RuntimeError("离线解析注入失败：runtime_fail")
RuntimeError: 离线解析注入失败：runtime_fail
[2026-03-16 15:26:59,539: INFO/MainProcess] Task modules.tasks.parse_knowledge_document_task[a7311f9d-151d-4dcf-90cd-298dea1f9587] received
[2026-03-16 15:26:59,542: INFO/MainProcess] Task modules.tasks.parse_knowledge_document_task[a7311f9d-151d-4dcf-90cd-298dea1f9587] retry: Retry in 8s: RuntimeError('离线解析注入失败：runtime_fail')
[2026-03-16 15:27:07,538: INFO/MainProcess] 离线解析任务启动 doc_id=174 task_id=a7311f9d-151d-4dcf-90cd-298dea1f9587 retry=2 file=D:\Qoder\测试开发平台\backend\runtime\knowledge_uploads\20260316072651_bc91eb79bddf440ca7f65ba437b138e8.txt
[2026-03-16 15:27:07,551: INFO/MainProcess] 离线解析开始 doc_id=174 task_id=a7311f9d-151d-4dcf-90cd-298dea1f9587 retry=2
[2026-03-16 15:27:07,551: ERROR/MainProcess] 离线解析任务异常 doc_id=174 task_id=a7311f9d-151d-4dcf-90cd-298dea1f9587 retry=2/2 err=离线解析注入失败：runtime_fail
Traceback (most recent call last):
  File "D:\Qoder\测试开发平台\backend\modules\tasks.py", line 101, in parse_knowledge_document_task
    result = knowledge_base.parse_document_offline(
             ^^^^^^^^^^^^^^^^^^^^^^^^^^^^^^^^^^^^^^
  File "D:\Qoder\测试开发平台\backend\modules\knowledge_base.py", line 193, in parse_document_offline
    return parse_document_offline_impl(
           ^^^^^^^^^^^^^^^^^^^^^^^^^^^^
  File "D:\Qoder\测试开发平台\backend\modules\knowledge_base_components\offline_parse.py", line 184, in parse_document_offline_impl
    raise RuntimeError("离线解析注入失败：runtime_fail")
RuntimeError: 离线解析注入失败：runtime_fail
[2026-03-16 15:27:07,559: ERROR/MainProcess] Task modules.tasks.parse_knowledge_document_task[a7311f9d-151d-4dcf-90cd-298dea1f9587] raised unexpected: RuntimeError('离线解析注入失败：runtime_fail')
Traceback (most recent call last):
  File "C:\Users\Administrator\AppData\Roaming\Python\Python311\site-packages\celery\app\trace.py", line 479, in trace_task
    R = retval = fun(*args, **kwargs)
                 ^^^^^^^^^^^^^^^^^^^^
  File "C:\Users\Administrator\AppData\Roaming\Python\Python311\site-packages\celery\app\trace.py", line 779, in __protected_call__
    return self.run(*args, **kwargs)
           ^^^^^^^^^^^^^^^^^^^^^^^^^
  File "D:\Qoder\测试开发平台\backend\modules\tasks.py", line 170, in parse_knowledge_document_task
    raise e
  File "D:\Qoder\测试开发平台\backend\modules\tasks.py", line 101, in parse_knowledge_document_task
    result = knowledge_base.parse_document_offline(
             ^^^^^^^^^^^^^^^^^^^^^^^^^^^^^^^^^^^^^^
  File "D:\Qoder\测试开发平台\backend\modules\knowledge_base.py", line 193, in parse_document_offline
    return parse_document_offline_impl(
           ^^^^^^^^^^^^^^^^^^^^^^^^^^^^
  File "D:\Qoder\测试开发平台\backend\modules\knowledge_base_components\offline_parse.py", line 184, in parse_document_offline_impl
    raise RuntimeError("离线解析注入失败：runtime_fail")
RuntimeError: 离线解析注入失败：runtime_fail
