Successfully connected to MySQL database: ai_test_platform
Redis connected: 127.0.0.1:6379
 
 -------------- celery@DESKTOP-F86RMFU v5.6.2 (recovery)
--- ***** ----- 
-- ******* ---- Windows-10-10.0.26100-SP0 2026-03-16 14:45:00
- *** --- * --- 
- ** ---------- [config]
- ** ---------- .> app:         ai_test_platform:0x1d8ce5a86d0
- ** ---------- .> transport:   redis://localhost:6379/0
- ** ---------- .> results:     redis://localhost:6379/0
- *** --- * --- .> concurrency: 16 (solo)
-- ******* ---- .> task events: OFF (enable -E to monitor tasks in this worker)
--- ***** ----- 
 -------------- [queues]
                .> celery           exchange=celery(direct) key=celery
                

[tasks]
  . modules.tasks.archive_old_data_task
  . modules.tasks.cleanup_logs_task
  . modules.tasks.generate_test_cases_task
  . modules.tasks.parse_knowledge_document_task

[2026-03-16 14:45:00,701: INFO/MainProcess] Connected to redis://localhost:6379/0
[2026-03-16 14:45:00,701: INFO/MainProcess] mingle: searching for neighbors
[2026-03-16 14:45:01,731: INFO/MainProcess] mingle: all alone
[2026-03-16 14:45:01,760: INFO/MainProcess] celery@DESKTOP-F86RMFU ready.
